Archive member included to satisfy reference by file (symbol)

../../libDaisy/build/libdaisy.a(daisy_seed.o)
                              build/Osc.o (daisy::DaisySeed::Configure())
../../libDaisy/build/libdaisy.a(codec_ak4556.o)
                              ../../libDaisy/build/libdaisy.a(daisy_seed.o) (daisy::Ak4556::Init(dsy_gpio_pin))
../../libDaisy/build/libdaisy.a(codec_wm8731.o)
                              ../../libDaisy/build/libdaisy.a(daisy_seed.o) (daisy::Wm8731::Init(daisy::Wm8731::Config const&, daisy::I2CHandle))
../../libDaisy/build/libdaisy.a(sdram.o)
                              ../../libDaisy/build/libdaisy.a(daisy_seed.o) (SdramHandle::Init())
../../libDaisy/build/libdaisy.a(audio.o)
                              ../../libDaisy/build/libdaisy.a(daisy_seed.o) (daisy::AudioHandle::Init(daisy::AudioHandle::Config const&, daisy::SaiHandle))
../../libDaisy/build/libdaisy.a(gpio.o)
                              ../../libDaisy/build/libdaisy.a(daisy_seed.o) (daisy::GPIO::Init(daisy::Pin, daisy::GPIO::Mode, daisy::GPIO::Pull, daisy::GPIO::Speed))
../../libDaisy/build/libdaisy.a(i2c.o)
                              build/Osc.o (daisy::I2CHandle::Init(daisy::I2CHandle::Config const&))
../../libDaisy/build/libdaisy.a(qspi.o)
                              ../../libDaisy/build/libdaisy.a(daisy_seed.o) (daisy::QSPIHandle::Init(daisy::QSPIHandle::Config const&))
../../libDaisy/build/libdaisy.a(sai.o)
                              ../../libDaisy/build/libdaisy.a(daisy_seed.o) (daisy::SaiHandle::Init(daisy::SaiHandle::Config const&))
../../libDaisy/build/libdaisy.a(system.o)
                              ../../libDaisy/build/libdaisy.a(daisy_seed.o) (daisy::System::DeInit())
../../libDaisy/build/libdaisy.a(system_stm32h7xx.o)
                              build/startup_stm32h750xx.o (SystemInit)
../../libDaisy/build/libdaisy.a(usbd_conf.o)
                              ../../libDaisy/build/libdaisy.a(system.o) (hpcd_USB_OTG_HS)
../../libDaisy/build/libdaisy.a(usbh_conf.o)
                              ../../libDaisy/build/libdaisy.a(system.o) (hhcd_USB_OTG_HS)
../../libDaisy/build/libdaisy.a(hal_map.o)
                              ../../libDaisy/build/libdaisy.a(gpio.o) (dsy_hal_map_get_port)
../../libDaisy/build/libdaisy.a(stm32h7xx_hal.o)
                              ../../libDaisy/build/libdaisy.a(system.o) (HAL_Init)
../../libDaisy/build/libdaisy.a(stm32h7xx_hal_cortex.o)
                              ../../libDaisy/build/libdaisy.a(stm32h7xx_hal.o) (HAL_NVIC_SetPriorityGrouping)
../../libDaisy/build/libdaisy.a(stm32h7xx_hal_dma.o)
                              ../../libDaisy/build/libdaisy.a(i2c.o) (HAL_DMA_Init)
../../libDaisy/build/libdaisy.a(stm32h7xx_hal_gpio.o)
                              ../../libDaisy/build/libdaisy.a(sdram.o) (HAL_GPIO_Init)
../../libDaisy/build/libdaisy.a(stm32h7xx_hal_hcd.o)
                              ../../libDaisy/build/libdaisy.a(usbh_conf.o) (HAL_HCD_HC_Init)
../../libDaisy/build/libdaisy.a(stm32h7xx_hal_i2c.o)
                              ../../libDaisy/build/libdaisy.a(i2c.o) (HAL_I2C_Init)
../../libDaisy/build/libdaisy.a(stm32h7xx_hal_i2c_ex.o)
                              ../../libDaisy/build/libdaisy.a(i2c.o) (HAL_I2CEx_ConfigAnalogFilter)
../../libDaisy/build/libdaisy.a(stm32h7xx_hal_pcd.o)
                              ../../libDaisy/build/libdaisy.a(usbd_conf.o) (HAL_PCD_Init)
../../libDaisy/build/libdaisy.a(stm32h7xx_hal_pcd_ex.o)
                              ../../libDaisy/build/libdaisy.a(usbd_conf.o) (HAL_PCDEx_SetTxFiFo)
../../libDaisy/build/libdaisy.a(stm32h7xx_hal_pwr_ex.o)
                              ../../libDaisy/build/libdaisy.a(system.o) (HAL_PWREx_ConfigSupply)
../../libDaisy/build/libdaisy.a(stm32h7xx_hal_qspi.o)
                              ../../libDaisy/build/libdaisy.a(qspi.o) (HAL_QSPI_Init)
../../libDaisy/build/libdaisy.a(stm32h7xx_hal_rcc.o)
                              ../../libDaisy/build/libdaisy.a(system.o) (HAL_RCC_OscConfig)
../../libDaisy/build/libdaisy.a(stm32h7xx_hal_rcc_ex.o)
                              ../../libDaisy/build/libdaisy.a(system.o) (HAL_RCCEx_PeriphCLKConfig)
../../libDaisy/build/libdaisy.a(stm32h7xx_hal_sai.o)
                              ../../libDaisy/build/libdaisy.a(sai.o) (HAL_SAI_InitProtocol)
../../libDaisy/build/libdaisy.a(stm32h7xx_hal_sdram.o)
                              ../../libDaisy/build/libdaisy.a(sdram.o) (HAL_SDRAM_Init)
../../libDaisy/build/libdaisy.a(stm32h7xx_ll_fmc.o)
                              ../../libDaisy/build/libdaisy.a(stm32h7xx_hal_sdram.o) (FMC_SDRAM_Init)
../../libDaisy/build/libdaisy.a(stm32h7xx_ll_usb.o)
                              ../../libDaisy/build/libdaisy.a(stm32h7xx_hal_hcd.o) (USB_CoreInit)
../../libDaisy/build/libdaisy.a(usbd_core.o)
                              ../../libDaisy/build/libdaisy.a(usbd_conf.o) (USBD_LL_SetupStage)
../../libDaisy/build/libdaisy.a(usbd_ctlreq.o)
[...]
Memory Configuration

Name             Origin             Length             Attributes
FLASH            0x0000000008000000 0x0000000000020000 xr
DTCMRAM          0x0000000020000000 0x0000000000020000 xrw
SRAM             0x0000000024000000 0x0000000000080000 xrw
RAM_D2           0x0000000030000000 0x0000000000048000 xrw
RAM_D3           0x0000000038000000 0x0000000000010000 xrw
BACKUP_SRAM      0x0000000038800000 0x0000000000001000 xrw
ITCMRAM          0x0000000000000000 0x0000000000010000 xrw
SDRAM            0x00000000c0000000 0x0000000004000000 xrw
QSPIFLASH        0x0000000090000000 0x0000000000800000 xr
*default*        0x0000000000000000 0xffffffffffffffff

Linker script and memory map

LOAD /home/nahomts/Developer/gcc-arm-none-eabi-10-2020-q4-major/bin/../lib/gcc/arm-none-eabi/10.2.1/thumb/v7e-m+dp/hard/crti.o
LOAD /home/nahomts/Developer/gcc-arm-none-eabi-10-2020-q4-major/bin/../lib/gcc/arm-none-eabi/10.2.1/thumb/v7e-m+dp/hard/crtbegin.o
LOAD /home/nahomts/Developer/gcc-arm-none-eabi-10-2020-q4-major/bin/../lib/gcc/arm-none-eabi/10.2.1/../../../../arm-none-eabi/lib/thumb/v7e-m+dp/hard/crt0.o
LOAD build/startup_stm32h750xx.o
LOAD build/Osc.o
LOAD ../../libDaisy/build/libdaisy.a
LOAD /home/nahomts/Developer/gcc-arm-none-eabi-10-2020-q4-major/bin/../lib/gcc/arm-none-eabi/10.2.1/../../../../arm-none-eabi/lib/thumb/v7e-m+dp/hard/libnosys.a
LOAD ../../DaisySP/build/libdaisysp.a
LOAD /home/nahomts/Developer/gcc-arm-none-eabi-10-2020-q4-major/bin/../lib/gcc/arm-none-eabi/10.2.1/../../../../arm-none-eabi/lib/thumb/v7e-m+dp/hard/libstdc++_nano.a
LOAD /home/nahomts/Developer/gcc-arm-none-eabi-10-2020-q4-major/bin/../lib/gcc/arm-none-eabi/10.2.1/../../../../arm-none-eabi/lib/thumb/v7e-m+dp/hard/libm.a
LOAD /home/nahomts/Developer/gcc-arm-none-eabi-10-2020-q4-major/bin/../lib/gcc/arm-none-eabi/10.2.1/../../../../arm-none-eabi/lib/thumb/v7e-m+dp/hard/libc_nano.a
START GROUP
LOAD /home/nahomts/Developer/gcc-arm-none-eabi-10-2020-q4-major/bin/../lib/gcc/arm-none-eabi/10.2.1/thumb/v7e-m+dp/hard/libgcc.a
LOAD /home/nahomts/Developer/gcc-arm-none-eabi-10-2020-q4-major/bin/../lib/gcc/arm-none-eabi/10.2.1/../../../../arm-none-eabi/lib/thumb/v7e-m+dp/hard/libc_nano.a
END GROUP
START GROUP
LOAD /home/nahomts/Developer/gcc-arm-none-eabi-10-2020-q4-major/bin/../lib/gcc/arm-none-eabi/10.2.1/thumb/v7e-m+dp/hard/libgcc.a
LOAD /home/nahomts/Developer/gcc-arm-none-eabi-10-2020-q4-major/bin/../lib/gcc/arm-none-eabi/10.2.1/../../../../arm-none-eabi/lib/thumb/v7e-m+dp/hard/libc_nano.a
LOAD /home/nahomts/Developer/gcc-arm-none-eabi-10-2020-q4-major/bin/../lib/gcc/arm-none-eabi/10.2.1/../../../../arm-none-eabi/lib/thumb/v7e-m+dp/hard/libnosys.a
END GROUP
START GROUP
LOAD /home/nahomts/Developer/gcc-arm-none-eabi-10-2020-q4-major/bin/../lib/gcc/arm-none-eabi/10.2.1/thumb/v7e-m+dp/hard/libgcc.a
LOAD /home/nahomts/Developer/gcc-arm-none-eabi-10-2020-q4-major/bin/../lib/gcc/arm-none-eabi/10.2.1/../../../../arm-none-eabi/lib/thumb/v7e-m+dp/hard/libc_nano.a
LOAD /home/nahomts/Developer/gcc-arm-none-eabi-10-2020-q4-major/bin/../lib/gcc/arm-none-eabi/10.2.1/../../../../arm-none-eabi/lib/thumb/v7e-m+dp/hard/libnosys.a
END GROUP
LOAD /home/nahomts/Developer/gcc-arm-none-eabi-10-2020-q4-major/bin/../lib/gcc/arm-none-eabi/10.2.1/thumb/v7e-m+dp/hard/crtend.o
LOAD /home/nahomts/Developer/gcc-arm-none-eabi-10-2020-q4-major/bin/../lib/gcc/arm-none-eabi/10.2.1/thumb/v7e-m+dp/hard/crtn.o
                0x0000000020020000                _estack = 0x20020000

.isr_vector     0x0000000008000000      0x298
                0x0000000008000000                . = ALIGN (0x4)
 *(.isr_vector)
 .isr_vector    0x0000000008000000      0x298 build/startup_stm32h750xx.o
                0x0000000008000000                g_pfnVectors
                0x0000000008000298                . = ALIGN (0x4)

.text           0x0000000008000298    0x107d8
                0x0000000008000298                . = ALIGN (0x4)
                0x0000000008000298                _stext = .
 *(.text)
 .text          0x0000000008000298       0x40 /home/nahomts/Developer/gcc-arm-none-eabi-10-2020-q4-major/bin/../lib/gcc/arm-none-eabi/10.2.1/thumb/v7e-m+dp/hard/crtbegin.o
 .text          0x00000000080002d8      0x378 /home/nahomts/Developer/gcc-arm-none-eabi-10-2020-q4-major/bin/../lib/gcc/arm-none-eabi/10.2.1/thumb/v7e-m+dp/hard/libgcc.a(_arm_addsubdf3.o)
                0x00000000080002d8                __aeabi_drsub
                0x00000000080002e0                __aeabi_dsub
                0x00000000080002e0                __subdf3
                0x00000000080002e4                __adddf3
                0x00000000080002e4                __aeabi_dadd
                0x000000000800055c                __aeabi_ui2d
                0x000000000800055c                __floatunsidf
                0x000000000800057c                __floatsidf
                0x000000000800057c                __aeabi_i2d
                0x00000000080005a0                __extendsfdf2
                0x00000000080005a0                __aeabi_f2d
                0x00000000080005e4                __aeabi_ul2d
                0x00000000080005e4                __floatundidf
                0x00000000080005f4                __floatdidf
                0x00000000080005f4                __aeabi_l2d
 .text          0x0000000008000650       0x30 /home/nahomts/Developer/gcc-arm-none-eabi-10-2020-q4-major/bin/../lib/gcc/arm-none-eabi/10.2.1/thumb/v7e-m+dp/hard/libgcc.a(_aeabi_uldivmod.o)
                0x0000000008000650                __aeabi_uldivmod
 .text          0x0000000008000680      0x2d0 /home/nahomts/Developer/gcc-arm-none-eabi-10-2020-q4-major/bin/../lib/gcc/arm-none-eabi/10.2.1/thumb/v7e-m+dp/hard/libgcc.a(_udivmoddi4.o)
                0x0000000008000680                __udivmoddi4
 .text          0x0000000008000950        0x4 /home/nahomts/Developer/gcc-arm-none-eabi-10-2020-q4-major/bin/../lib/gcc/arm-none-eabi/10.2.1/thumb/v7e-m+dp/hard/libgcc.a(_dvmd_tls.o)
                0x0000000008000950                __aeabi_ldiv0
                0x0000000008000950                __aeabi_idiv0
 *(.text*)
 .text.Default_Handler
                0x0000000008000954        0x4 build/startup_stm32h750xx.o
                0x0000000008000954                RTC_Alarm_IRQHandler
                0x0000000008000954                HASH_RNG_IRQHandler
                0x0000000008000954                EXTI2_IRQHandler
                0x0000000008000954                TIM8_CC_IRQHandler
                0x0000000008000954                HRTIM1_Master_IRQHandler
                0x0000000008000954                DebugMon_Handler
                0x0000000008000954                TIM1_CC_IRQHandler
                0x0000000008000954                BDMA_Channel6_IRQHandler
                0x0000000008000954                DMA2_Stream5_IRQHandler
                0x0000000008000954                HRTIM1_FLT_IRQHandler
                0x0000000008000954                JPEG_IRQHandler
                0x0000000008000954                BDMA_Channel1_IRQHandler
                0x0000000008000954                HRTIM1_TIMD_IRQHandler
                0x0000000008000954                TAMP_STAMP_IRQHandler
                0x0000000008000954                PendSV_Handler
                0x0000000008000954                NMI_Handler
                0x0000000008000954                EXTI3_IRQHandler
                0x0000000008000954                LPTIM4_IRQHandler
                0x0000000008000954                TIM8_TRG_COM_TIM14_IRQHandler
                0x0000000008000954                LPTIM2_IRQHandler
                0x0000000008000954                DFSDM1_FLT1_IRQHandler
                0x0000000008000954                DMAMUX2_OVR_IRQHandler
                0x0000000008000954                TIM8_UP_TIM13_IRQHandler
                0x0000000008000954                I2C3_ER_IRQHandler
                0x0000000008000954                DFSDM1_FLT2_IRQHandler
                0x0000000008000954                MDMA_IRQHandler
                0x0000000008000954                LPTIM3_IRQHandler
                0x0000000008000954                HSEM1_IRQHandler
                0x0000000008000954                EXTI0_IRQHandler
                0x0000000008000954                DMA1_Stream2_IRQHandler
                0x0000000008000954                FPU_IRQHandler
                0x0000000008000954                OTG_HS_WKUP_IRQHandler
                0x0000000008000954                FDCAN1_IT1_IRQHandler
                0x0000000008000954                UsageFault_Handler
                0x0000000008000954                LTDC_ER_IRQHandler
                0x0000000008000954                HRTIM1_TIME_IRQHandler
                0x0000000008000954                TIM6_DAC_IRQHandler
                0x0000000008000954                DCMI_IRQHandler
                0x0000000008000954                HRTIM1_TIMC_IRQHandler
                0x0000000008000954                SAI2_IRQHandler
                0x0000000008000954                DFSDM1_FLT3_IRQHandler
                0x0000000008000954                TIM17_IRQHandler
                0x0000000008000954                CRYP_IRQHandler
                0x0000000008000954                BDMA_Channel7_IRQHandler
                0x0000000008000954                LPTIM5_IRQHandler
                0x0000000008000954                ADC3_IRQHandler
                0x0000000008000954                DMA2_Stream0_IRQHandler
                0x0000000008000954                BDMA_Channel2_IRQHandler
                0x0000000008000954                DMAMUX1_OVR_IRQHandler
                0x0000000008000954                TIM16_IRQHandler
                0x0000000008000954                BDMA_Channel5_IRQHandler
                0x0000000008000954                RCC_IRQHandler
                0x0000000008000954                TIM8_BRK_TIM12_IRQHandler
                0x0000000008000954                TIM1_TRG_COM_IRQHandler
                0x0000000008000954                Default_Handler
                0x0000000008000954                ECC_IRQHandler
                0x0000000008000954                CEC_IRQHandler
                0x0000000008000954                EXTI15_10_IRQHandler
                0x0000000008000954                BDMA_Channel0_IRQHandler
                0x0000000008000954                ADC_IRQHandler
                0x0000000008000954                DMA1_Stream7_IRQHandler
                0x0000000008000954                HRTIM1_TIMA_IRQHandler
                0x0000000008000954                TIM7_IRQHandler
                0x0000000008000954                SDMMC1_IRQHandler
                0x0000000008000954                DMA2_Stream7_IRQHandler
                0x0000000008000954                TIM15_IRQHandler
                0x0000000008000954                PVD_AVD_IRQHandler
                0x0000000008000954                EXTI9_5_IRQHandler
                0x0000000008000954                RTC_WKUP_IRQHandler
                0x0000000008000954                LTDC_IRQHandler
                0x0000000008000954                SAI3_IRQHandler
                0x0000000008000954                ETH_WKUP_IRQHandler
                0x0000000008000954                SPDIF_RX_IRQHandler
                0x0000000008000954                MemManage_Handler
                0x0000000008000954                SVC_Handler
                0x0000000008000954                CRS_IRQHandler
                0x0000000008000954                EXTI4_IRQHandler
                0x0000000008000954                HRTIM1_TIMB_IRQHandler
                0x0000000008000954                FDCAN2_IT1_IRQHandler
                0x0000000008000954                ETH_IRQHandler
                0x0000000008000954                TIM1_UP_IRQHandler
                0x0000000008000954                BDMA_Channel4_IRQHandler
                0x0000000008000954                WWDG_IRQHandler
                0x0000000008000954                SPI6_IRQHandler
                0x0000000008000954                I2C4_EV_IRQHandler
                0x0000000008000954                MDIOS_IRQHandler
                0x0000000008000954                FDCAN2_IT0_IRQHandler
                0x0000000008000954                FDCAN1_IT0_IRQHandler
                0x0000000008000954                OTG_FS_WKUP_IRQHandler
                0x0000000008000954                DMA2D_IRQHandler
                0x0000000008000954                TIM1_BRK_IRQHandler
                0x0000000008000954                EXTI1_IRQHandler
                0x0000000008000954                SDMMC2_IRQHandler
                0x0000000008000954                OTG_FS_EP1_OUT_IRQHandler
                0x0000000008000954                BDMA_Channel3_IRQHandler
                0x0000000008000954                MDIOS_WKUP_IRQHandler
                0x0000000008000954                DFSDM1_FLT0_IRQHandler
                0x0000000008000954                SAI4_IRQHandler
                0x0000000008000954                I2C2_ER_IRQHandler
                0x0000000008000954                DMA2_Stream1_IRQHandler
                0x0000000008000954                FLASH_IRQHandler
                0x0000000008000954                BusFault_Handler
                0x0000000008000954                OTG_FS_IRQHandler
                0x0000000008000954                WAKEUP_PIN_IRQHandler
                0x0000000008000954                OTG_FS_EP1_IN_IRQHandler
                0x0000000008000954                I2C1_ER_IRQHandler
                0x0000000008000954                FMC_IRQHandler
                0x0000000008000954                FDCAN_CAL_IRQHandler
                0x0000000008000954                SWPMI1_IRQHandler
                0x0000000008000954                COMP1_IRQHandler
                0x0000000008000954                LPTIM1_IRQHandler
                0x0000000008000954                I2C4_ER_IRQHandler
                0x0000000008000954                DMA2_Stream6_IRQHandler
                0x0000000008000954                SAI1_IRQHandler
 .text.Reset_Handler
                0x0000000008000958       0x44 build/startup_stm32h750xx.o
                0x0000000008000958                Reset_Handler
 .text._ZN5daisy9DaisySeedD2Ev
                0x000000000800099c        0x4 build/Osc.o
                0x000000000800099c                daisy::DaisySeed::~DaisySeed()
                0x000000000800099c                daisy::DaisySeed::~DaisySeed()
 .text._ZN7daisysp10OscillatorD2Ev
                0x00000000080009a0        0x4 build/Osc.o
                0x00000000080009a0                daisysp::Oscillator::~Oscillator()
                0x00000000080009a0                daisysp::Oscillator::~Oscillator()
 .text._Z10InitBNO055v
                0x00000000080009a4       0x90 build/Osc.o
                0x00000000080009a4                InitBNO055()
 .text._Z15ReadEulerAnglesv
                0x0000000008000a34       0x8c build/Osc.o
                0x0000000008000a34                ReadEulerAngles()
 .text._Z13AudioCallbackPKfPfj
                0x0000000008000ac0      0x11c build/Osc.o
                0x0000000008000ac0                AudioCallback(float const*, float*, unsigned int)
 .text.startup.main
                0x0000000008000bdc       0xdc build/Osc.o
                0x0000000008000bdc                main
 .text.startup._GLOBAL__sub_I_hardware
                0x0000000008000cb8       0x40 build/Osc.o
 .text._ZN5daisy9DaisySeed9ConfigureEv
                0x0000000008000cf8        0x4 ../../libDaisy/build/libdaisy.a(daisy_seed.o)
                0x0000000008000cf8                daisy::DaisySeed::Configure()
 .text._ZN5daisy9DaisySeed6GetPinEh
                0x0000000008000cfc       0x2c ../../libDaisy/build/libdaisy.a(daisy_seed.o)
                0x0000000008000cfc                daisy::DaisySeed::GetPin(unsigned char)
 .text._ZN5daisy9DaisySeed10StartAudioEPFvPKfPfjE
                0x0000000008000d28        0x8 ../../libDaisy/build/libdaisy.a(daisy_seed.o)
                0x0000000008000d28                daisy::DaisySeed::StartAudio(void (*)(float const*, float*, unsigned int))
 .text._ZN5daisy9DaisySeed15AudioSampleRateEv
                0x0000000008000d30        0x8 ../../libDaisy/build/libdaisy.a(daisy_seed.o)
                0x0000000008000d30                daisy::DaisySeed::AudioSampleRate()
 .text._ZN5daisy9DaisySeed17SetAudioBlockSizeEj
                0x0000000008000d38       0x38 ../../libDaisy/build/libdaisy.a(daisy_seed.o)
                0x0000000008000d38                daisy::DaisySeed::SetAudioBlockSize(unsigned int)
 .text._ZN5daisy9DaisySeed17CheckBoardVersionEv
                0x0000000008000d70       0x6c ../../libDaisy/build/libdaisy.a(daisy_seed.o)
                0x0000000008000d70                daisy::DaisySeed::CheckBoardVersion()
 .text._ZN5daisy9DaisySeed14ConfigureAudioEv
                0x0000000008000ddc      0x10c ../../libDaisy/build/libdaisy.a(daisy_seed.o)
                0x0000000008000ddc                daisy::DaisySeed::ConfigureAudio()
 .text._ZN5daisy9DaisySeed4InitEb
                0x0000000008000ee8      0x108 ../../libDaisy/build/libdaisy.a(daisy_seed.o)
                0x0000000008000ee8                daisy::DaisySeed::Init(bool)
 .text._ZN5daisy6Ak45564InitE12dsy_gpio_pin
                0x0000000008000ff0       0x44 ../../libDaisy/build/libdaisy.a(codec_ak4556.o)
                0x0000000008000ff0                daisy::Ak4556::Init(dsy_gpio_pin)
 .text._ZN5daisy6Wm873120WriteControlRegisterEht
                0x0000000008001034       0x3c ../../libDaisy/build/libdaisy.a(codec_wm8731.o)
                0x0000000008001034                daisy::Wm8731::WriteControlRegister(unsigned char, unsigned short)
 .text._ZN5daisy6Wm87314InitERKNS0_6ConfigENS_9I2CHandleE
                0x0000000008001070      0x1bc ../../libDaisy/build/libdaisy.a(codec_wm8731.o)
                0x0000000008001070                daisy::Wm8731::Init(daisy::Wm8731::Config const&, daisy::I2CHandle)
 .text._ZN11SdramHandle10DeviceInitEv
                0x000000000800122c       0x98 ../../libDaisy/build/libdaisy.a(sdram.o)
                0x000000000800122c                SdramHandle::DeviceInit()
 .text._ZN11SdramHandle4InitEv
                0x00000000080012c4       0x7c ../../libDaisy/build/libdaisy.a(sdram.o)
                0x00000000080012c4                SdramHandle::Init()
 .text.HAL_SDRAM_MspInit
                0x0000000008001340      0x1a8 ../../libDaisy/build/libdaisy.a(sdram.o)
                0x0000000008001340                HAL_SDRAM_MspInit
 .text._ZN5daisy11AudioHandle4Impl16InternalCallbackEPlS2_j
                0x00000000080014e8      0xbbc ../../libDaisy/build/libdaisy.a(audio.o)
                0x00000000080014e8                daisy::AudioHandle::Impl::InternalCallback(long*, long*, unsigned int)
 .text._ZN5daisy11AudioHandle4InitERKNS0_6ConfigENS_9SaiHandleE
                0x00000000080020a4       0x70 ../../libDaisy/build/libdaisy.a(audio.o)
                0x00000000080020a4                daisy::AudioHandle::Init(daisy::AudioHandle::Config const&, daisy::SaiHandle)
 .text._ZNK5daisy11AudioHandle9GetConfigEv
                0x0000000008002114        0x8 ../../libDaisy/build/libdaisy.a(audio.o)
                0x0000000008002114                daisy::AudioHandle::GetConfig() const
 .text._ZN5daisy11AudioHandle12SetBlockSizeEj
                0x000000000800211c       0x1c ../../libDaisy/build/libdaisy.a(audio.o)
                0x000000000800211c                daisy::AudioHandle::SetBlockSize(unsigned int)
 .text._ZN5daisy11AudioHandle13GetSampleRateEv
                0x0000000008002138        0x8 ../../libDaisy/build/libdaisy.a(audio.o)
                0x0000000008002138                daisy::AudioHandle::GetSampleRate()
 .text._ZN5daisy11AudioHandle5StartEPFvPKfPfjE
                0x0000000008002140       0x2c ../../libDaisy/build/libdaisy.a(audio.o)
                0x0000000008002140                daisy::AudioHandle::Start(void (*)(float const*, float*, unsigned int))
 .text.startup._GLOBAL__sub_I__ZN5daisy11AudioHandle4Impl4InitENS0_6ConfigENS_9SaiHandleE
                0x000000000800216c       0x24 ../../libDaisy/build/libdaisy.a(audio.o)
 .text._ZN5daisy4GPIO4InitENS_3PinENS0_4ModeENS0_4PullENS0_5SpeedE
                0x0000000008002190      0x1cc ../../libDaisy/build/libdaisy.a(gpio.o)
                0x0000000008002190                daisy::GPIO::Init(daisy::Pin, daisy::GPIO::Mode, daisy::GPIO::Pull, daisy::GPIO::Speed)
 .text._ZN5daisy4GPIO4ReadEv
                0x000000000800235c       0x18 ../../libDaisy/build/libdaisy.a(gpio.o)
                0x000000000800235c                daisy::GPIO::Read()
 .text._ZN5daisy4GPIO5WriteEb
                0x0000000008002374       0x14 ../../libDaisy/build/libdaisy.a(gpio.o)
                0x0000000008002374                daisy::GPIO::Write(bool)
 .text.dsy_gpio_init
                0x0000000008002388      0x1b8 ../../libDaisy/build/libdaisy.a(gpio.o)
                0x0000000008002388                dsy_gpio_init
 .text.dsy_gpio_write
                0x0000000008002540       0x24 ../../libDaisy/build/libdaisy.a(gpio.o)
                0x0000000008002540                dsy_gpio_write
 .text._ZN5daisy9I2CHandle4Impl8InitPinsEv
                0x0000000008002564       0x58 ../../libDaisy/build/libdaisy.a(i2c.o)
                0x0000000008002564                daisy::I2CHandle::Impl::InitPins()
 .text.HAL_I2C_MspInit
                0x00000000080025bc      0x1b4 ../../libDaisy/build/libdaisy.a(i2c.o)
                0x00000000080025bc                HAL_I2C_MspInit
 .text.dsy_i2c_global_init
                0x0000000008002770       0x78 ../../libDaisy/build/libdaisy.a(i2c.o)
                0x0000000008002770                dsy_i2c_global_init
 .text.DMA1_Stream6_IRQHandler
                0x00000000080027e8       0x34 ../../libDaisy/build/libdaisy.a(i2c.o)
                0x00000000080027e8                DMA1_Stream6_IRQHandler
 .text.I2C1_EV_IRQHandler
                0x000000000800281c        0xc ../../libDaisy/build/libdaisy.a(i2c.o)
                0x000000000800281c                I2C1_EV_IRQHandler
 .text.I2C2_EV_IRQHandler
                0x0000000008002828        0xc ../../libDaisy/build/libdaisy.a(i2c.o)
                0x0000000008002828                I2C2_EV_IRQHandler
 .text.I2C3_EV_IRQHandler
                0x0000000008002834        0xc ../../libDaisy/build/libdaisy.a(i2c.o)
                0x0000000008002834                I2C3_EV_IRQHandler
 .text._ZN5daisy9I2CHandle4InitERKNS0_6ConfigE
                0x0000000008002840      0x12c ../../libDaisy/build/libdaisy.a(i2c.o)
                0x0000000008002840                daisy::I2CHandle::Init(daisy::I2CHandle::Config const&)
 .text._ZN5daisy9I2CHandle16TransmitBlockingEtPhtm
                0x000000000800296c       0x50 ../../libDaisy/build/libdaisy.a(i2c.o)
                0x000000000800296c                daisy::I2CHandle::TransmitBlocking(unsigned short, unsigned char*, unsigned short, unsigned long)
 .text._ZN5daisy9I2CHandle15ReceiveBlockingEtPhtm
                0x00000000080029bc       0x50 ../../libDaisy/build/libdaisy.a(i2c.o)
                0x00000000080029bc                daisy::I2CHandle::ReceiveBlocking(unsigned short, unsigned char*, unsigned short, unsigned long)
 .text.startup._GLOBAL__sub_I__ZN5daisy9I2CHandle4Impl10GlobalInitEv
                0x0000000008002a0c       0x18 ../../libDaisy/build/libdaisy.a(i2c.o)
 .text._ZN5daisy10QSPIHandle4Impl11WriteEnableEv
                0x0000000008002a24       0x8c ../../libDaisy/build/libdaisy.a(qspi.o)
                0x0000000008002a24                daisy::QSPIHandle::Impl::WriteEnable()
 .text._ZN5daisy10QSPIHandle4Impl17DummyCyclesConfigENS0_6Config6DeviceE
                0x0000000008002ab0      0x118 ../../libDaisy/build/libdaisy.a(qspi.o)
                0x0000000008002ab0                daisy::QSPIHandle::Impl::DummyCyclesConfig(daisy::QSPIHandle::Config::Device)
 .text._ZN5daisy10QSPIHandle4Impl10QuadEnableEv
                0x0000000008002bc8      0x158 ../../libDaisy/build/libdaisy.a(qspi.o)
                0x0000000008002bc8                daisy::QSPIHandle::Impl::QuadEnable()
 .text._ZN5daisy10QSPIHandle4InitERKNS0_6ConfigE
                0x0000000008002d20      0x198 ../../libDaisy/build/libdaisy.a(qspi.o)
                0x0000000008002d20                daisy::QSPIHandle::Init(daisy::QSPIHandle::Config const&)
 .text.HAL_QSPI_MspInit
                0x0000000008002eb8      0x11c ../../libDaisy/build/libdaisy.a(qspi.o)
                0x0000000008002eb8                HAL_QSPI_MspInit
 .text.HAL_QSPI_MspDeInit
                0x0000000008002fd4       0x54 ../../libDaisy/build/libdaisy.a(qspi.o)
                0x0000000008002fd4                HAL_QSPI_MspDeInit
 .text.QUADSPI_IRQHandler
                0x0000000008003028        0xc ../../libDaisy/build/libdaisy.a(qspi.o)
                0x0000000008003028                QUADSPI_IRQHandler
 .text.startup._GLOBAL__sub_I__ZN5daisy10QSPIHandle4Impl4InitERKNS0_6ConfigE
                0x0000000008003034       0x28 ../../libDaisy/build/libdaisy.a(qspi.o)
 .text._ZN5daisy9SaiHandle4Impl7InitDmaENS1_15PeripheralBlockE
                0x000000000800305c       0xa0 ../../libDaisy/build/libdaisy.a(sai.o)
                0x000000000800305c                daisy::SaiHandle::Impl::InitDma(daisy::SaiHandle::Impl::PeripheralBlock)
 .text._ZN5daisy9SaiHandle4Impl8InitPinsEv
                0x00000000080030fc       0xa8 ../../libDaisy/build/libdaisy.a(sai.o)
                0x00000000080030fc                daisy::SaiHandle::Impl::InitPins()
 .text.HAL_SAI_MspInit
                0x00000000080031a4      0x164 ../../libDaisy/build/libdaisy.a(sai.o)
                0x00000000080031a4                HAL_SAI_MspInit
 .text.DMA1_Stream0_IRQHandler
                0x0000000008003308        0xc ../../libDaisy/build/libdaisy.a(sai.o)
                0x0000000008003308                DMA1_Stream0_IRQHandler
 .text.DMA1_Stream1_IRQHandler
                0x0000000008003314        0xc ../../libDaisy/build/libdaisy.a(sai.o)
                0x0000000008003314                DMA1_Stream1_IRQHandler
 .text.DMA1_Stream3_IRQHandler
                0x0000000008003320        0xc ../../libDaisy/build/libdaisy.a(sai.o)
                0x0000000008003320                DMA1_Stream3_IRQHandler
 .text.DMA1_Stream4_IRQHandler
                0x000000000800332c        0xc ../../libDaisy/build/libdaisy.a(sai.o)
                0x000000000800332c                DMA1_Stream4_IRQHandler
 .text.HAL_SAI_RxHalfCpltCallback
                0x0000000008003338       0x78 ../../libDaisy/build/libdaisy.a(sai.o)
                0x0000000008003338                HAL_SAI_RxHalfCpltCallback
 .text.HAL_SAI_RxCpltCallback
                0x00000000080033b0       0x70 ../../libDaisy/build/libdaisy.a(sai.o)
                0x00000000080033b0                HAL_SAI_RxCpltCallback
 .text._ZN5daisy9SaiHandle4InitERKNS0_6ConfigE
                0x0000000008003420      0x1f0 ../../libDaisy/build/libdaisy.a(sai.o)
                0x0000000008003420                daisy::SaiHandle::Init(daisy::SaiHandle::Config const&)
 .text._ZNK5daisy9SaiHandle9GetConfigEv
                0x0000000008003610        0x4 ../../libDaisy/build/libdaisy.a(sai.o)
                0x0000000008003610                daisy::SaiHandle::GetConfig() const
 .text._ZN5daisy9SaiHandle8StartDmaEPlS1_jPFvS1_S1_jE
                0x0000000008003614       0xbc ../../libDaisy/build/libdaisy.a(sai.o)
                0x0000000008003614                daisy::SaiHandle::StartDma(long*, long*, unsigned int, void (*)(long*, long*, unsigned int))
 .text._ZN5daisy9SaiHandle13GetSampleRateEv
                0x00000000080036d0       0x24 ../../libDaisy/build/libdaisy.a(sai.o)
                0x00000000080036d0                daisy::SaiHandle::GetSampleRate()
 .text._ZNK5daisy9SaiHandle9GetOffsetEv
                0x00000000080036f4        0x8 ../../libDaisy/build/libdaisy.a(sai.o)
                0x00000000080036f4                daisy::SaiHandle::GetOffset() const
 .text._ZN5daisy11TimerHandleD2Ev
                0x00000000080036fc        0x4 ../../libDaisy/build/libdaisy.a(system.o)
                0x00000000080036fc                daisy::TimerHandle::~TimerHandle()
                0x00000000080036fc                daisy::TimerHandle::~TimerHandle()
 .text.SysTick_Handler
                0x0000000008003700       0x10 ../../libDaisy/build/libdaisy.a(system.o)
                0x0000000008003700                SysTick_Handler
 .text.OTG_HS_EP1_OUT_IRQHandler
                0x0000000008003710       0x24 ../../libDaisy/build/libdaisy.a(system.o)
                0x0000000008003710                OTG_HS_EP1_OUT_IRQHandler
 .text.OTG_HS_EP1_IN_IRQHandler
                0x0000000008003734       0x24 ../../libDaisy/build/libdaisy.a(system.o)
                0x0000000008003734                OTG_HS_EP1_IN_IRQHandler
 .text.OTG_HS_IRQHandler
                0x0000000008003758       0x24 ../../libDaisy/build/libdaisy.a(system.o)
                0x0000000008003758                OTG_HS_IRQHandler
 .text.HardFault_Handler
                0x000000000800377c       0xe0 ../../libDaisy/build/libdaisy.a(system.o)
                0x000000000800377c                HardFault_Handler
 .text._ZN5daisy6System5DelayEm
                0x000000000800385c        0x4 ../../libDaisy/build/libdaisy.a(system.o)
                0x000000000800385c                daisy::System::Delay(unsigned long)
 .text._ZN5daisy6System20GetBootloaderVersionEv
                0x0000000008003860       0x34 ../../libDaisy/build/libdaisy.a(system.o)
                0x0000000008003860                daisy::System::GetBootloaderVersion()
 .text._ZN5daisy6System15ConfigureClocksEv
                0x0000000008003894      0x194 ../../libDaisy/build/libdaisy.a(system.o)
                0x0000000008003894                daisy::System::ConfigureClocks()
 .text._ZN5daisy6System12ConfigureMpuEv
                0x0000000008003a28       0x7c ../../libDaisy/build/libdaisy.a(system.o)
                0x0000000008003a28                daisy::System::ConfigureMpu()
 .text._ZN5daisy6System4InitERKNS0_6ConfigE
                0x0000000008003aa4       0xec ../../libDaisy/build/libdaisy.a(system.o)
                0x0000000008003aa4                daisy::System::Init(daisy::System::Config const&)
 .text._ZN5daisy6System12GetPClk1FreqEv
                0x0000000008003b90        0x4 ../../libDaisy/build/libdaisy.a(system.o)
                0x0000000008003b90                daisy::System::GetPClk1Freq()
 .text._ZN5daisy6System22GetProgramMemoryRegionEv
                0x0000000008003b94       0x78 ../../libDaisy/build/libdaisy.a(system.o)
                0x0000000008003b94                daisy::System::GetProgramMemoryRegion()
 .text.startup._GLOBAL__sub_I__ZN5daisy9boot_infoE
                0x0000000008003c0c       0x1c ../../libDaisy/build/libdaisy.a(system.o)
 .text.SystemInit
                0x0000000008003c28       0x9c ../../libDaisy/build/libdaisy.a(system_stm32h7xx.o)
                0x0000000008003c28                SystemInit
 .text.HAL_PCD_SetupStageCallback
                0x0000000008003cc4        0xc ../../libDaisy/build/libdaisy.a(usbd_conf.o)
                0x0000000008003cc4                HAL_PCD_SetupStageCallback
 .text.HAL_PCD_DataOutStageCallback
                0x0000000008003cd0       0x14 ../../libDaisy/build/libdaisy.a(usbd_conf.o)
                0x0000000008003cd0                HAL_PCD_DataOutStageCallback
 .text.HAL_PCD_DataInStageCallback
                0x0000000008003ce4       0x14 ../../libDaisy/build/libdaisy.a(usbd_conf.o)
                0x0000000008003ce4                HAL_PCD_DataInStageCallback
 .text.HAL_PCD_SOFCallback
                0x0000000008003cf8        0x8 ../../libDaisy/build/libdaisy.a(usbd_conf.o)
                0x0000000008003cf8                HAL_PCD_SOFCallback
 .text.HAL_PCD_ResetCallback
                0x0000000008003d00       0x24 ../../libDaisy/build/libdaisy.a(usbd_conf.o)
                0x0000000008003d00                HAL_PCD_ResetCallback
 .text.HAL_PCD_SuspendCallback
                0x0000000008003d24       0x30 ../../libDaisy/build/libdaisy.a(usbd_conf.o)
                0x0000000008003d24                HAL_PCD_SuspendCallback
 .text.HAL_PCD_ResumeCallback
                0x0000000008003d54        0x8 ../../libDaisy/build/libdaisy.a(usbd_conf.o)
                0x0000000008003d54                HAL_PCD_ResumeCallback
 .text.HAL_PCD_ISOOUTIncompleteCallback
                0x0000000008003d5c        0x8 ../../libDaisy/build/libdaisy.a(usbd_conf.o)
                0x0000000008003d5c                HAL_PCD_ISOOUTIncompleteCallback
 .text.HAL_PCD_ISOINIncompleteCallback
                0x0000000008003d64        0x8 ../../libDaisy/build/libdaisy.a(usbd_conf.o)
                0x0000000008003d64                HAL_PCD_ISOINIncompleteCallback
 .text.HAL_PCD_ConnectCallback
                0x0000000008003d6c        0x8 ../../libDaisy/build/libdaisy.a(usbd_conf.o)
                0x0000000008003d6c                HAL_PCD_ConnectCallback
 .text.HAL_PCD_DisconnectCallback
                0x0000000008003d74        0x8 ../../libDaisy/build/libdaisy.a(usbd_conf.o)
                0x0000000008003d74                HAL_PCD_DisconnectCallback
 .text.USBD_LL_OpenEP
                0x0000000008003d7c       0x24 ../../libDaisy/build/libdaisy.a(usbd_conf.o)
                0x0000000008003d7c                USBD_LL_OpenEP
 .text.USBD_LL_StallEP
                0x0000000008003da0       0x1c ../../libDaisy/build/libdaisy.a(usbd_conf.o)
                0x0000000008003da0                USBD_LL_StallEP
 .text.USBD_LL_ClearStallEP
                0x0000000008003dbc       0x1c ../../libDaisy/build/libdaisy.a(usbd_conf.o)
                0x0000000008003dbc                USBD_LL_ClearStallEP
 .text.USBD_LL_IsStallEP
                0x0000000008003dd8       0x28 ../../libDaisy/build/libdaisy.a(usbd_conf.o)
                0x0000000008003dd8                USBD_LL_IsStallEP
 .text.USBD_LL_SetUSBAddress
                0x0000000008003e00       0x1c ../../libDaisy/build/libdaisy.a(usbd_conf.o)
                0x0000000008003e00                USBD_LL_SetUSBAddress
 .text.USBD_LL_Transmit
                0x0000000008003e1c       0x1c ../../libDaisy/build/libdaisy.a(usbd_conf.o)
                0x0000000008003e1c                USBD_LL_Transmit
 .text.USBD_LL_PrepareReceive
                0x0000000008003e38       0x1c ../../libDaisy/build/libdaisy.a(usbd_conf.o)
                0x0000000008003e38                USBD_LL_PrepareReceive
 .text.HAL_HCD_SOF_Callback
                0x0000000008003e54        0x8 ../../libDaisy/build/libdaisy.a(usbh_conf.o)
                0x0000000008003e54                HAL_HCD_SOF_Callback
 .text.HAL_HCD_Connect_Callback
                0x0000000008003e5c        0x8 ../../libDaisy/build/libdaisy.a(usbh_conf.o)
                0x0000000008003e5c                HAL_HCD_Connect_Callback
 .text.HAL_HCD_Disconnect_Callback
                0x0000000008003e64        0x8 ../../libDaisy/build/libdaisy.a(usbh_conf.o)
                0x0000000008003e64                HAL_HCD_Disconnect_Callback
 .text.HAL_HCD_HC_NotifyURBChange_Callback
                0x0000000008003e6c        0x4 ../../libDaisy/build/libdaisy.a(usbh_conf.o)
                0x0000000008003e6c                HAL_HCD_HC_NotifyURBChange_Callback
 .text.HAL_HCD_PortEnabled_Callback
                0x0000000008003e70        0x8 ../../libDaisy/build/libdaisy.a(usbh_conf.o)
                0x0000000008003e70                HAL_HCD_PortEnabled_Callback
 .text.HAL_HCD_PortDisabled_Callback
                0x0000000008003e78        0x8 ../../libDaisy/build/libdaisy.a(usbh_conf.o)
                0x0000000008003e78                HAL_HCD_PortDisabled_Callback
 .text.USBH_LL_Stop
                0x0000000008003e80       0x1c ../../libDaisy/build/libdaisy.a(usbh_conf.o)
                0x0000000008003e80                USBH_LL_Stop
 .text.dsy_hal_map_get_port
                0x0000000008003e9c       0x10 ../../libDaisy/build/libdaisy.a(hal_map.o)
                0x0000000008003e9c                dsy_hal_map_get_port
 .text.dsy_hal_map_get_pin
                0x0000000008003eac       0x10 ../../libDaisy/build/libdaisy.a(hal_map.o)
                0x0000000008003eac                dsy_hal_map_get_pin
 .text.dsy_hal_map_gpio_clk_enable
                0x0000000008003ebc      0x150 ../../libDaisy/build/libdaisy.a(hal_map.o)
                0x0000000008003ebc                dsy_hal_map_gpio_clk_enable
 .text.HAL_MspInit
                0x000000000800400c        0x4 ../../libDaisy/build/libdaisy.a(stm32h7xx_hal.o)
                0x000000000800400c                HAL_MspInit
 .text.HAL_InitTick
                0x0000000008004010       0x4c ../../libDaisy/build/libdaisy.a(stm32h7xx_hal.o)
                0x0000000008004010                HAL_InitTick
 .text.HAL_Init
                0x000000000800405c       0x60 ../../libDaisy/build/libdaisy.a(stm32h7xx_hal.o)
                0x000000000800405c                HAL_Init
 .text.HAL_IncTick
                0x00000000080040bc       0x18 ../../libDaisy/build/libdaisy.a(stm32h7xx_hal.o)
                0x00000000080040bc                HAL_IncTick
 .text.HAL_GetTick
                0x00000000080040d4        0xc ../../libDaisy/build/libdaisy.a(stm32h7xx_hal.o)
                0x00000000080040d4                HAL_GetTick
 .text.HAL_Delay
                0x00000000080040e0       0x24 ../../libDaisy/build/libdaisy.a(stm32h7xx_hal.o)
                0x00000000080040e0                HAL_Delay
 .text.HAL_GetREVID
                0x0000000008004104        0xc ../../libDaisy/build/libdaisy.a(stm32h7xx_hal.o)
                0x0000000008004104                HAL_GetREVID
 .text.HAL_NVIC_SetPriorityGrouping
                0x0000000008004110       0x24 ../../libDaisy/build/libdaisy.a(stm32h7xx_hal_cortex.o)
                0x0000000008004110                HAL_NVIC_SetPriorityGrouping
 .text.HAL_NVIC_SetPriority
                0x0000000008004134       0x7c ../../libDaisy/build/libdaisy.a(stm32h7xx_hal_cortex.o)
                0x0000000008004134                HAL_NVIC_SetPriority
 .text.HAL_NVIC_EnableIRQ
                0x00000000080041b0       0x1c ../../libDaisy/build/libdaisy.a(stm32h7xx_hal_cortex.o)
                0x00000000080041b0                HAL_NVIC_EnableIRQ
 .text.HAL_NVIC_DisableIRQ
                0x00000000080041cc       0x28 ../../libDaisy/build/libdaisy.a(stm32h7xx_hal_cortex.o)
                0x00000000080041cc                HAL_NVIC_DisableIRQ
 .text.HAL_SYSTICK_Config
                0x00000000080041f4       0x2c ../../libDaisy/build/libdaisy.a(stm32h7xx_hal_cortex.o)
                0x00000000080041f4                HAL_SYSTICK_Config
 .text.HAL_MPU_Disable
                0x0000000008004220       0x1c ../../libDaisy/build/libdaisy.a(stm32h7xx_hal_cortex.o)
                0x0000000008004220                HAL_MPU_Disable
 .text.HAL_MPU_Enable
                0x000000000800423c       0x20 ../../libDaisy/build/libdaisy.a(stm32h7xx_hal_cortex.o)
                0x000000000800423c                HAL_MPU_Enable
 .text.HAL_MPU_ConfigRegion
                0x000000000800425c       0x64 ../../libDaisy/build/libdaisy.a(stm32h7xx_hal_cortex.o)
                0x000000000800425c                HAL_MPU_ConfigRegion
 .text.HAL_SYSTICK_Callback
                0x00000000080042c0        0x4 ../../libDaisy/build/libdaisy.a(stm32h7xx_hal_cortex.o)
                0x00000000080042c0                HAL_SYSTICK_Callback
 .text.HAL_SYSTICK_IRQHandler
                0x00000000080042c4        0x8 ../../libDaisy/build/libdaisy.a(stm32h7xx_hal_cortex.o)
                0x00000000080042c4                HAL_SYSTICK_IRQHandler
 .text.DMA_CalcBaseAndBitshift
                0x00000000080042cc       0xf4 ../../libDaisy/build/libdaisy.a(stm32h7xx_hal_dma.o)
 .text.DMA_CalcDMAMUXChannelBaseAndMask
                0x00000000080043c0       0xd8 ../../libDaisy/build/libdaisy.a(stm32h7xx_hal_dma.o)
 .text.HAL_DMA_Init
                0x0000000008004498      0x37c ../../libDaisy/build/libdaisy.a(stm32h7xx_hal_dma.o)
                0x0000000008004498                HAL_DMA_Init
 .text.HAL_DMA_Start_IT
                0x0000000008004814      0x240 ../../libDaisy/build/libdaisy.a(stm32h7xx_hal_dma.o)
                0x0000000008004814                HAL_DMA_Start_IT
 .text.HAL_DMA_Abort_IT
                0x0000000008004a54      0x134 ../../libDaisy/build/libdaisy.a(stm32h7xx_hal_dma.o)
                0x0000000008004a54                HAL_DMA_Abort_IT
 .text.HAL_DMA_IRQHandler
                0x0000000008004b88      0x6a0 ../../libDaisy/build/libdaisy.a(stm32h7xx_hal_dma.o)
                0x0000000008004b88                HAL_DMA_IRQHandler
 .text.HAL_DMA_GetError
                0x0000000008005228        0x4 ../../libDaisy/build/libdaisy.a(stm32h7xx_hal_dma.o)
                0x0000000008005228                HAL_DMA_GetError
 .text.HAL_GPIO_Init
                0x000000000800522c      0x280 ../../libDaisy/build/libdaisy.a(stm32h7xx_hal_gpio.o)
                0x000000000800522c                HAL_GPIO_Init
 .text.HAL_GPIO_DeInit
                0x00000000080054ac      0x190 ../../libDaisy/build/libdaisy.a(stm32h7xx_hal_gpio.o)
                0x00000000080054ac                HAL_GPIO_DeInit
 .text.HAL_GPIO_ReadPin
                0x000000000800563c        0xc ../../libDaisy/build/libdaisy.a(stm32h7xx_hal_gpio.o)
                0x000000000800563c                HAL_GPIO_ReadPin
 .text.HAL_GPIO_WritePin
                0x0000000008005648        0x8 ../../libDaisy/build/libdaisy.a(stm32h7xx_hal_gpio.o)
                0x0000000008005648                HAL_GPIO_WritePin
 .text.HAL_HCD_IRQHandler
                0x0000000008005650      0x780 ../../libDaisy/build/libdaisy.a(stm32h7xx_hal_hcd.o)
                0x0000000008005650                HAL_HCD_IRQHandler
 .text.HAL_HCD_Stop
                0x0000000008005dd0       0x28 ../../libDaisy/build/libdaisy.a(stm32h7xx_hal_hcd.o)
                0x0000000008005dd0                HAL_HCD_Stop
 .text.I2C_WaitOnRXNEFlagUntilTimeout
                0x0000000008005df8      0x100 ../../libDaisy/build/libdaisy.a(stm32h7xx_hal_i2c.o)
 .text.I2C_WaitOnTXISFlagUntilTimeout
                0x0000000008005ef8       0xb8 ../../libDaisy/build/libdaisy.a(stm32h7xx_hal_i2c.o)
 .text.I2C_WaitOnSTOPFlagUntilTimeout
                0x0000000008005fb0       0xac ../../libDaisy/build/libdaisy.a(stm32h7xx_hal_i2c.o)
 .text.HAL_I2C_Init
                0x000000000800605c       0xac ../../libDaisy/build/libdaisy.a(stm32h7xx_hal_i2c.o)
                0x000000000800605c                HAL_I2C_Init
 .text.HAL_I2C_Master_Transmit
                0x0000000008006108      0x1a8 ../../libDaisy/build/libdaisy.a(stm32h7xx_hal_i2c.o)
                0x0000000008006108                HAL_I2C_Master_Transmit
 .text.HAL_I2C_Master_Receive
                0x00000000080062b0      0x1ac ../../libDaisy/build/libdaisy.a(stm32h7xx_hal_i2c.o)
                0x00000000080062b0                HAL_I2C_Master_Receive
 .text.HAL_I2C_Slave_Transmit
                0x000000000800645c      0x1c8 ../../libDaisy/build/libdaisy.a(stm32h7xx_hal_i2c.o)
                0x000000000800645c                HAL_I2C_Slave_Transmit
 .text.HAL_I2C_Slave_Receive
                0x0000000008006624      0x1a4 ../../libDaisy/build/libdaisy.a(stm32h7xx_hal_i2c.o)
                0x0000000008006624                HAL_I2C_Slave_Receive
 .text.HAL_I2C_EV_IRQHandler
                0x00000000080067c8       0x10 ../../libDaisy/build/libdaisy.a(stm32h7xx_hal_i2c.o)
                0x00000000080067c8                HAL_I2C_EV_IRQHandler
 .text.HAL_I2C_GetState
                0x00000000080067d8        0x8 ../../libDaisy/build/libdaisy.a(stm32h7xx_hal_i2c.o)
                0x00000000080067d8                HAL_I2C_GetState
 .text.HAL_I2CEx_ConfigAnalogFilter
                0x00000000080067e0       0x54 ../../libDaisy/build/libdaisy.a(stm32h7xx_hal_i2c_ex.o)
                0x00000000080067e0                HAL_I2CEx_ConfigAnalogFilter
 .text.HAL_I2CEx_ConfigDigitalFilter
                0x0000000008006834       0x58 ../../libDaisy/build/libdaisy.a(stm32h7xx_hal_i2c_ex.o)
                0x0000000008006834                HAL_I2CEx_ConfigDigitalFilter
 .text.HAL_PCD_IRQHandler
                0x000000000800688c      0x69c ../../libDaisy/build/libdaisy.a(stm32h7xx_hal_pcd.o)
                0x000000000800688c                HAL_PCD_IRQHandler
 .text.HAL_PCD_SetAddress
                0x0000000008006f28       0x2c ../../libDaisy/build/libdaisy.a(stm32h7xx_hal_pcd.o)
                0x0000000008006f28                HAL_PCD_SetAddress
 .text.HAL_PCD_EP_Open
                0x0000000008006f54       0x7c ../../libDaisy/build/libdaisy.a(stm32h7xx_hal_pcd.o)
                0x0000000008006f54                HAL_PCD_EP_Open
 .text.HAL_PCD_EP_Receive
                0x0000000008006fd0       0x50 ../../libDaisy/build/libdaisy.a(stm32h7xx_hal_pcd.o)
                0x0000000008006fd0                HAL_PCD_EP_Receive
 .text.HAL_PCD_EP_Transmit
                0x0000000008007020       0x50 ../../libDaisy/build/libdaisy.a(stm32h7xx_hal_pcd.o)
                0x0000000008007020                HAL_PCD_EP_Transmit
 .text.HAL_PCD_EP_SetStall
                0x0000000008007070       0x88 ../../libDaisy/build/libdaisy.a(stm32h7xx_hal_pcd.o)
                0x0000000008007070                HAL_PCD_EP_SetStall
 .text.HAL_PCD_EP_ClrStall
                0x00000000080070f8       0x78 ../../libDaisy/build/libdaisy.a(stm32h7xx_hal_pcd.o)
                0x00000000080070f8                HAL_PCD_EP_ClrStall
 .text.HAL_PCDEx_LPM_Callback
                0x0000000008007170        0x4 ../../libDaisy/build/libdaisy.a(stm32h7xx_hal_pcd_ex.o)
                0x0000000008007170                HAL_PCDEx_LPM_Callback
 .text.HAL_PWREx_ConfigSupply
                0x0000000008007174       0x4c ../../libDaisy/build/libdaisy.a(stm32h7xx_hal_pwr_ex.o)
                0x0000000008007174                HAL_PWREx_ConfigSupply
 .text.HAL_PWREx_EnableUSBVoltageDetector
                0x00000000080071c0       0x10 ../../libDaisy/build/libdaisy.a(stm32h7xx_hal_pwr_ex.o)
                0x00000000080071c0                HAL_PWREx_EnableUSBVoltageDetector
 .text.QSPI_Config
                0x00000000080071d0      0x174 ../../libDaisy/build/libdaisy.a(stm32h7xx_hal_qspi.o)
 .text.HAL_QSPI_Init
                0x0000000008007344       0xd8 ../../libDaisy/build/libdaisy.a(stm32h7xx_hal_qspi.o)
                0x0000000008007344                HAL_QSPI_Init
 .text.HAL_QSPI_DeInit
                0x000000000800741c       0x3c ../../libDaisy/build/libdaisy.a(stm32h7xx_hal_qspi.o)
                0x000000000800741c                HAL_QSPI_DeInit
 .text.HAL_QSPI_Command
                0x0000000008007458       0xd4 ../../libDaisy/build/libdaisy.a(stm32h7xx_hal_qspi.o)
                0x0000000008007458                HAL_QSPI_Command
 .text.HAL_QSPI_Transmit
                0x000000000800752c       0xfc ../../libDaisy/build/libdaisy.a(stm32h7xx_hal_qspi.o)
                0x000000000800752c                HAL_QSPI_Transmit
 .text.HAL_QSPI_Receive
                0x0000000008007628      0x108 ../../libDaisy/build/libdaisy.a(stm32h7xx_hal_qspi.o)
                0x0000000008007628                HAL_QSPI_Receive
 .text.HAL_QSPI_AutoPolling
                0x0000000008007730       0xf0 ../../libDaisy/build/libdaisy.a(stm32h7xx_hal_qspi.o)
                0x0000000008007730                HAL_QSPI_AutoPolling
 .text.HAL_QSPI_MemoryMapped
                0x0000000008007820       0xc0 ../../libDaisy/build/libdaisy.a(stm32h7xx_hal_qspi.o)
                0x0000000008007820                HAL_QSPI_MemoryMapped
 .text.HAL_QSPI_ErrorCallback
                0x00000000080078e0        0x4 ../../libDaisy/build/libdaisy.a(stm32h7xx_hal_qspi.o)
                0x00000000080078e0                HAL_QSPI_ErrorCallback
 .text.QSPI_DMAAbortCplt
                0x00000000080078e4       0x38 ../../libDaisy/build/libdaisy.a(stm32h7xx_hal_qspi.o)
 .text.HAL_QSPI_AbortCpltCallback
                0x000000000800791c        0x4 ../../libDaisy/build/libdaisy.a(stm32h7xx_hal_qspi.o)
                0x000000000800791c                HAL_QSPI_AbortCpltCallback
 .text.HAL_QSPI_CmdCpltCallback
                0x0000000008007920        0x4 ../../libDaisy/build/libdaisy.a(stm32h7xx_hal_qspi.o)
                0x0000000008007920                HAL_QSPI_CmdCpltCallback
 .text.HAL_QSPI_RxCpltCallback
                0x0000000008007924        0x4 ../../libDaisy/build/libdaisy.a(stm32h7xx_hal_qspi.o)
                0x0000000008007924                HAL_QSPI_RxCpltCallback
 .text.HAL_QSPI_TxCpltCallback
                0x0000000008007928        0x4 ../../libDaisy/build/libdaisy.a(stm32h7xx_hal_qspi.o)
                0x0000000008007928                HAL_QSPI_TxCpltCallback
 .text.HAL_QSPI_FifoThresholdCallback
                0x000000000800792c        0x4 ../../libDaisy/build/libdaisy.a(stm32h7xx_hal_qspi.o)
                0x000000000800792c                HAL_QSPI_FifoThresholdCallback
 .text.HAL_QSPI_StatusMatchCallback
                0x0000000008007930        0x4 ../../libDaisy/build/libdaisy.a(stm32h7xx_hal_qspi.o)
                0x0000000008007930                HAL_QSPI_StatusMatchCallback
 .text.HAL_QSPI_TimeOutCallback
                0x0000000008007934        0x4 ../../libDaisy/build/libdaisy.a(stm32h7xx_hal_qspi.o)
                0x0000000008007934                HAL_QSPI_TimeOutCallback
 .text.HAL_QSPI_IRQHandler
                0x0000000008007938      0x210 ../../libDaisy/build/libdaisy.a(stm32h7xx_hal_qspi.o)
                0x0000000008007938                HAL_QSPI_IRQHandler
 .text.HAL_RCC_OscConfig
                0x0000000008007b48      0x51c ../../libDaisy/build/libdaisy.a(stm32h7xx_hal_rcc.o)
                0x0000000008007b48                HAL_RCC_OscConfig
 .text.HAL_RCC_GetSysClockFreq
                0x0000000008008064      0x140 ../../libDaisy/build/libdaisy.a(stm32h7xx_hal_rcc.o)
                0x0000000008008064                HAL_RCC_GetSysClockFreq
 .text.HAL_RCC_ClockConfig
                0x00000000080081a4      0x234 ../../libDaisy/build/libdaisy.a(stm32h7xx_hal_rcc.o)
                0x00000000080081a4                HAL_RCC_ClockConfig
 .text.HAL_RCC_GetHCLKFreq
                0x00000000080083d8       0x2c ../../libDaisy/build/libdaisy.a(stm32h7xx_hal_rcc.o)
                0x00000000080083d8                HAL_RCC_GetHCLKFreq
 .text.HAL_RCC_GetPCLK1Freq
                0x0000000008008404       0x38 ../../libDaisy/build/libdaisy.a(stm32h7xx_hal_rcc.o)
                0x0000000008008404                HAL_RCC_GetPCLK1Freq
 .text.HAL_RCC_GetPCLK2Freq
                0x000000000800843c       0x38 ../../libDaisy/build/libdaisy.a(stm32h7xx_hal_rcc.o)
                0x000000000800843c                HAL_RCC_GetPCLK2Freq
 .text.RCCEx_PLL2_Config
                0x0000000008008474       0xf4 ../../libDaisy/build/libdaisy.a(stm32h7xx_hal_rcc_ex.o)
 .text.RCCEx_PLL3_Config
                0x0000000008008568       0xf4 ../../libDaisy/build/libdaisy.a(stm32h7xx_hal_rcc_ex.o)
 .text.HAL_RCCEx_PeriphCLKConfig
                0x000000000800865c      0xa7c ../../libDaisy/build/libdaisy.a(stm32h7xx_hal_rcc_ex.o)
                0x000000000800865c                HAL_RCCEx_PeriphCLKConfig
 .text.HAL_RCCEx_GetD3PCLK1Freq
                0x00000000080090d8       0x24 ../../libDaisy/build/libdaisy.a(stm32h7xx_hal_rcc_ex.o)
                0x00000000080090d8                HAL_RCCEx_GetD3PCLK1Freq
 .text.HAL_RCCEx_GetPLL2ClockFreq
                0x00000000080090fc      0x17c ../../libDaisy/build/libdaisy.a(stm32h7xx_hal_rcc_ex.o)
                0x00000000080090fc                HAL_RCCEx_GetPLL2ClockFreq
 .text.HAL_RCCEx_GetPLL3ClockFreq
                0x0000000008009278      0x17c ../../libDaisy/build/libdaisy.a(stm32h7xx_hal_rcc_ex.o)
                0x0000000008009278                HAL_RCCEx_GetPLL3ClockFreq
 .text.HAL_RCCEx_GetPLL1ClockFreq
                0x00000000080093f4      0x17c ../../libDaisy/build/libdaisy.a(stm32h7xx_hal_rcc_ex.o)
                0x00000000080093f4                HAL_RCCEx_GetPLL1ClockFreq
 .text.HAL_RCCEx_GetPeriphCLKFreq
                0x0000000008009570      0x198 ../../libDaisy/build/libdaisy.a(stm32h7xx_hal_rcc_ex.o)
                0x0000000008009570                HAL_RCCEx_GetPeriphCLKFreq
 .text.HAL_RCCEx_GetD1SysClockFreq
                0x0000000008009708       0x2c ../../libDaisy/build/libdaisy.a(stm32h7xx_hal_rcc_ex.o)
                0x0000000008009708                HAL_RCCEx_GetD1SysClockFreq
 .text.HAL_SAI_Init.part.0
                0x0000000008009734      0x348 ../../libDaisy/build/libdaisy.a(stm32h7xx_hal_sai.o)
 .text.HAL_SAI_InitProtocol
                0x0000000008009a7c      0x178 ../../libDaisy/build/libdaisy.a(stm32h7xx_hal_sai.o)
                0x0000000008009a7c                HAL_SAI_InitProtocol
 .text.HAL_SAI_Transmit_DMA
                0x0000000008009bf4      0x124 ../../libDaisy/build/libdaisy.a(stm32h7xx_hal_sai.o)
                0x0000000008009bf4                HAL_SAI_Transmit_DMA
 .text.HAL_SAI_Receive_DMA
                0x0000000008009d18       0xd0 ../../libDaisy/build/libdaisy.a(stm32h7xx_hal_sai.o)
                0x0000000008009d18                HAL_SAI_Receive_DMA
 .text.HAL_SAI_TxCpltCallback
                0x0000000008009de8        0x4 ../../libDaisy/build/libdaisy.a(stm32h7xx_hal_sai.o)
                0x0000000008009de8                HAL_SAI_TxCpltCallback
 .text.SAI_DMATxCplt
                0x0000000008009dec       0x64 ../../libDaisy/build/libdaisy.a(stm32h7xx_hal_sai.o)
 .text.HAL_SAI_TxHalfCpltCallback
                0x0000000008009e50        0x4 ../../libDaisy/build/libdaisy.a(stm32h7xx_hal_sai.o)
                0x0000000008009e50                HAL_SAI_TxHalfCpltCallback
 .text.SAI_DMATxHalfCplt
                0x0000000008009e54        0xc ../../libDaisy/build/libdaisy.a(stm32h7xx_hal_sai.o)
 .text.SAI_DMARxCplt
                0x0000000008009e60       0x64 ../../libDaisy/build/libdaisy.a(stm32h7xx_hal_sai.o)
 .text.SAI_DMARxHalfCplt
                0x0000000008009ec4        0xc ../../libDaisy/build/libdaisy.a(stm32h7xx_hal_sai.o)
 .text.HAL_SAI_ErrorCallback
                0x0000000008009ed0        0x4 ../../libDaisy/build/libdaisy.a(stm32h7xx_hal_sai.o)
                0x0000000008009ed0                HAL_SAI_ErrorCallback
 .text.SAI_DMAError
                0x0000000008009ed4       0x6c ../../libDaisy/build/libdaisy.a(stm32h7xx_hal_sai.o)
 .text.HAL_SDRAM_Init
                0x0000000008009f40       0x54 ../../libDaisy/build/libdaisy.a(stm32h7xx_hal_sdram.o)
                0x0000000008009f40                HAL_SDRAM_Init
 .text.HAL_SDRAM_SendCommand
                0x0000000008009f94       0x40 ../../libDaisy/build/libdaisy.a(stm32h7xx_hal_sdram.o)
                0x0000000008009f94                HAL_SDRAM_SendCommand
 .text.HAL_SDRAM_ProgramRefreshRate
                0x0000000008009fd4       0x30 ../../libDaisy/build/libdaisy.a(stm32h7xx_hal_sdram.o)
                0x0000000008009fd4                HAL_SDRAM_ProgramRefreshRate
 .text.FMC_SDRAM_Init
                0x000000000800a004       0x7c ../../libDaisy/build/libdaisy.a(stm32h7xx_ll_fmc.o)
                0x000000000800a004                FMC_SDRAM_Init
 .text.FMC_SDRAM_Timing_Init
                0x000000000800a080       0x98 ../../libDaisy/build/libdaisy.a(stm32h7xx_ll_fmc.o)
                0x000000000800a080                FMC_SDRAM_Timing_Init
 .text.FMC_SDRAM_SendCommand
                0x000000000800a118       0x28 ../../libDaisy/build/libdaisy.a(stm32h7xx_ll_fmc.o)
                0x000000000800a118                FMC_SDRAM_SendCommand
 .text.FMC_SDRAM_ProgramRefreshRate
                0x000000000800a140       0x1c ../../libDaisy/build/libdaisy.a(stm32h7xx_ll_fmc.o)
                0x000000000800a140                FMC_SDRAM_ProgramRefreshRate
 .text.USB_SetTurnaroundTime
                0x000000000800a15c      0x104 ../../libDaisy/build/libdaisy.a(stm32h7xx_ll_usb.o)
                0x000000000800a15c                USB_SetTurnaroundTime
 .text.USB_FlushTxFifo
                0x000000000800a260       0x34 ../../libDaisy/build/libdaisy.a(stm32h7xx_ll_usb.o)
                0x000000000800a260                USB_FlushTxFifo
 .text.USB_GetDevSpeed
                0x000000000800a294       0x24 ../../libDaisy/build/libdaisy.a(stm32h7xx_ll_usb.o)
                0x000000000800a294                USB_GetDevSpeed
 .text.USB_ActivateEndpoint
                0x000000000800a2b8       0x90 ../../libDaisy/build/libdaisy.a(stm32h7xx_ll_usb.o)
                0x000000000800a2b8                USB_ActivateEndpoint
 .text.USB_EPStartXfer
                0x000000000800a348      0x230 ../../libDaisy/build/libdaisy.a(stm32h7xx_ll_usb.o)
                0x000000000800a348                USB_EPStartXfer
 .text.USB_EP0StartXfer
                0x000000000800a578      0x174 ../../libDaisy/build/libdaisy.a(stm32h7xx_ll_usb.o)
                0x000000000800a578                USB_EP0StartXfer
 .text.USB_WritePacket
                0x000000000800a6ec       0x2c ../../libDaisy/build/libdaisy.a(stm32h7xx_ll_usb.o)
                0x000000000800a6ec                USB_WritePacket
 .text.USB_ReadPacket
                0x000000000800a718       0x20 ../../libDaisy/build/libdaisy.a(stm32h7xx_ll_usb.o)
                0x000000000800a718                USB_ReadPacket
 .text.USB_EPSetStall
                0x000000000800a738       0x68 ../../libDaisy/build/libdaisy.a(stm32h7xx_ll_usb.o)
                0x000000000800a738                USB_EPSetStall
 .text.USB_EPClearStall
                0x000000000800a7a0       0x58 ../../libDaisy/build/libdaisy.a(stm32h7xx_ll_usb.o)
                0x000000000800a7a0                USB_EPClearStall
 .text.USB_SetDevAddress
                0x000000000800a7f8       0x24 ../../libDaisy/build/libdaisy.a(stm32h7xx_ll_usb.o)
                0x000000000800a7f8                USB_SetDevAddress
 .text.USB_ReadInterrupts
                0x000000000800a81c       0x14 ../../libDaisy/build/libdaisy.a(stm32h7xx_ll_usb.o)
                0x000000000800a81c                USB_ReadInterrupts
 .text.USB_ReadDevAllOutEpInterrupt
                0x000000000800a830       0x1c ../../libDaisy/build/libdaisy.a(stm32h7xx_ll_usb.o)
                0x000000000800a830                USB_ReadDevAllOutEpInterrupt
 .text.USB_ReadDevAllInEpInterrupt
                0x000000000800a84c       0x1c ../../libDaisy/build/libdaisy.a(stm32h7xx_ll_usb.o)
                0x000000000800a84c                USB_ReadDevAllInEpInterrupt
 .text.USB_ReadDevOutEPInterrupt
                0x000000000800a868       0x1c ../../libDaisy/build/libdaisy.a(stm32h7xx_ll_usb.o)
                0x000000000800a868                USB_ReadDevOutEPInterrupt
 .text.USB_ReadDevInEPInterrupt
                0x000000000800a884       0x38 ../../libDaisy/build/libdaisy.a(stm32h7xx_ll_usb.o)
                0x000000000800a884                USB_ReadDevInEPInterrupt
 .text.USB_GetMode
                0x000000000800a8bc        0x8 ../../libDaisy/build/libdaisy.a(stm32h7xx_ll_usb.o)
                0x000000000800a8bc                USB_GetMode
 .text.USB_ActivateSetup
                0x000000000800a8c4       0x38 ../../libDaisy/build/libdaisy.a(stm32h7xx_ll_usb.o)
                0x000000000800a8c4                USB_ActivateSetup
 .text.USB_EP0_OutStart
                0x000000000800a8fc       0x58 ../../libDaisy/build/libdaisy.a(stm32h7xx_ll_usb.o)
                0x000000000800a8fc                USB_EP0_OutStart
 .text.USB_InitFSLSPClkSel
                0x000000000800a954       0x44 ../../libDaisy/build/libdaisy.a(stm32h7xx_ll_usb.o)
                0x000000000800a954                USB_InitFSLSPClkSel
 .text.USB_HC_ReadInterrupt
                0x000000000800a998        0x8 ../../libDaisy/build/libdaisy.a(stm32h7xx_ll_usb.o)
                0x000000000800a998                USB_HC_ReadInterrupt
 .text.USB_HC_Halt
                0x000000000800a9a0       0xc0 ../../libDaisy/build/libdaisy.a(stm32h7xx_ll_usb.o)
                0x000000000800a9a0                USB_HC_Halt
 .text.USB_StopHost
                0x000000000800aa60      0x2ec ../../libDaisy/build/libdaisy.a(stm32h7xx_ll_usb.o)
                0x000000000800aa60                USB_StopHost
 .text.USBD_SetClassConfig
                0x000000000800ad4c       0x14 ../../libDaisy/build/libdaisy.a(usbd_core.o)
                0x000000000800ad4c                USBD_SetClassConfig
 .text.USBD_ClrClassConfig
                0x000000000800ad60       0x10 ../../libDaisy/build/libdaisy.a(usbd_core.o)
                0x000000000800ad60                USBD_ClrClassConfig
 .text.USBD_LL_SetupStage
                0x000000000800ad70       0x5c ../../libDaisy/build/libdaisy.a(usbd_core.o)
                0x000000000800ad70                USBD_LL_SetupStage
 .text.USBD_LL_DataOutStage
                0x000000000800adcc       0x7c ../../libDaisy/build/libdaisy.a(usbd_core.o)
                0x000000000800adcc                USBD_LL_DataOutStage
 .text.USBD_LL_DataInStage
                0x000000000800ae48       0xcc ../../libDaisy/build/libdaisy.a(usbd_core.o)
                0x000000000800ae48                USBD_LL_DataInStage
 .text.USBD_LL_Reset
                0x000000000800af14       0x50 ../../libDaisy/build/libdaisy.a(usbd_core.o)
                0x000000000800af14                USBD_LL_Reset
 .text.USBD_LL_SetSpeed
                0x000000000800af64        0x8 ../../libDaisy/build/libdaisy.a(usbd_core.o)
                0x000000000800af64                USBD_LL_SetSpeed
 .text.USBD_LL_Suspend
                0x000000000800af6c       0x14 ../../libDaisy/build/libdaisy.a(usbd_core.o)
                0x000000000800af6c                USBD_LL_Suspend
 .text.USBD_LL_Resume
                0x000000000800af80       0x10 ../../libDaisy/build/libdaisy.a(usbd_core.o)
                0x000000000800af80                USBD_LL_Resume
 .text.USBD_LL_SOF
                0x000000000800af90       0x1c ../../libDaisy/build/libdaisy.a(usbd_core.o)
                0x000000000800af90                USBD_LL_SOF
 .text.USBD_LL_IsoINIncomplete
                0x000000000800afac        0x4 ../../libDaisy/build/libdaisy.a(usbd_core.o)
                0x000000000800afac                USBD_LL_IsoINIncomplete
 .text.USBD_LL_IsoOUTIncomplete
                0x000000000800afb0        0x4 ../../libDaisy/build/libdaisy.a(usbd_core.o)
                0x000000000800afb0                USBD_LL_IsoOUTIncomplete
 .text.USBD_LL_DevConnected
                0x000000000800afb4        0x4 ../../libDaisy/build/libdaisy.a(usbd_core.o)
                0x000000000800afb4                USBD_LL_DevConnected
 .text.USBD_LL_DevDisconnected
                0x000000000800afb8       0x18 ../../libDaisy/build/libdaisy.a(usbd_core.o)
                0x000000000800afb8                USBD_LL_DevDisconnected
 .text.USBD_StdDevReq
                0x000000000800afd0      0x304 ../../libDaisy/build/libdaisy.a(usbd_ctlreq.o)
                0x000000000800afd0                USBD_StdDevReq
 .text.USBD_StdItfReq
                0x000000000800b2d4       0x68 ../../libDaisy/build/libdaisy.a(usbd_ctlreq.o)
                0x000000000800b2d4                USBD_StdItfReq
 .text.USBD_StdEPReq
                0x000000000800b33c      0x13c ../../libDaisy/build/libdaisy.a(usbd_ctlreq.o)
                0x000000000800b33c                USBD_StdEPReq
 .text.USBD_ParseSetupRequest
                0x000000000800b478       0x28 ../../libDaisy/build/libdaisy.a(usbd_ctlreq.o)
                0x000000000800b478                USBD_ParseSetupRequest
 .text.USBD_CtlSendData
                0x000000000800b4a0       0x1c ../../libDaisy/build/libdaisy.a(usbd_ioreq.o)
                0x000000000800b4a0                USBD_CtlSendData
 .text.USBD_CtlContinueSendData
                0x000000000800b4bc       0x14 ../../libDaisy/build/libdaisy.a(usbd_ioreq.o)
                0x000000000800b4bc                USBD_CtlContinueSendData
 .text.USBD_CtlContinueRx
                0x000000000800b4d0       0x14 ../../libDaisy/build/libdaisy.a(usbd_ioreq.o)
                0x000000000800b4d0                USBD_CtlContinueRx
 .text.USBD_CtlSendStatus
                0x000000000800b4e4       0x18 ../../libDaisy/build/libdaisy.a(usbd_ioreq.o)
                0x000000000800b4e4                USBD_CtlSendStatus
 .text.USBD_CtlReceiveStatus
                0x000000000800b4fc       0x18 ../../libDaisy/build/libdaisy.a(usbd_ioreq.o)
                0x000000000800b4fc                USBD_CtlReceiveStatus
 .text.USBH_LL_IncTimer
                0x000000000800b514       0x20 ../../libDaisy/build/libdaisy.a(usbh_core.o)
                0x000000000800b514                USBH_LL_IncTimer
 .text.USBH_LL_PortEnabled
                0x000000000800b534        0x8 ../../libDaisy/build/libdaisy.a(usbh_core.o)
                0x000000000800b534                USBH_LL_PortEnabled
 .text.USBH_LL_PortDisabled
                0x000000000800b53c        0x8 ../../libDaisy/build/libdaisy.a(usbh_core.o)
                0x000000000800b53c                USBH_LL_PortDisabled
 .text.USBH_LL_Connect
                0x000000000800b544       0x18 ../../libDaisy/build/libdaisy.a(usbh_core.o)
                0x000000000800b544                USBH_LL_Connect
 .text.USBH_LL_Disconnect
                0x000000000800b55c       0x2c ../../libDaisy/build/libdaisy.a(usbh_core.o)
                0x000000000800b55c                USBH_LL_Disconnect
 .text.USBH_FreePipe
                0x000000000800b588       0x18 ../../libDaisy/build/libdaisy.a(usbh_pipes.o)
                0x000000000800b588                USBH_FreePipe
 .text._ZN5daisy6Random4InitEv
                0x000000000800b5a0       0x3c ../../libDaisy/build/libdaisy.a(rng.o)
                0x000000000800b5a0                daisy::Random::Init()
 .text._ZN5daisy9SpiHandle4Impl7InitDmaEv
                0x000000000800b5dc       0xec ../../libDaisy/build/libdaisy.a(spi.o)
                0x000000000800b5dc                daisy::SpiHandle::Impl::InitDma()
 .text._ZN5daisy9SpiHandle4Impl10StartDmaTxEPhjPFvPvEPFvS3_NS0_6ResultEES3_
                0x000000000800b6c8       0xc8 ../../libDaisy/build/libdaisy.a(spi.o)
                0x000000000800b6c8                daisy::SpiHandle::Impl::StartDmaTx(unsigned char*, unsigned int, void (*)(void*), void (*)(void*, daisy::SpiHandle::Result), void*)
 .text._ZN5daisy9SpiHandle4Impl10StartDmaRxEPhjPFvPvEPFvS3_NS0_6ResultEES3_
                0x000000000800b790       0xc8 ../../libDaisy/build/libdaisy.a(spi.o)
                0x000000000800b790                daisy::SpiHandle::Impl::StartDmaRx(unsigned char*, unsigned int, void (*)(void*), void (*)(void*, daisy::SpiHandle::Result), void*)
 .text._ZN5daisy9SpiHandle4Impl12StartDmaRxTxEPhS2_jPFvPvEPFvS3_NS0_6ResultEES3_
                0x000000000800b858       0xcc ../../libDaisy/build/libdaisy.a(spi.o)
                0x000000000800b858                daisy::SpiHandle::Impl::StartDmaRxTx(unsigned char*, unsigned char*, unsigned int, void (*)(void*), void (*)(void*, daisy::SpiHandle::Result), void*)
 .text._ZN5daisy9SpiHandle4Impl8InitPinsEv
                0x000000000800b924      0x274 ../../libDaisy/build/libdaisy.a(spi.o)
                0x000000000800b924                daisy::SpiHandle::Impl::InitPins()
 .text.HAL_SPI_MspInit
                0x000000000800bb98      0x1a8 ../../libDaisy/build/libdaisy.a(spi.o)
                0x000000000800bb98                HAL_SPI_MspInit
 .text.dsy_spi_global_init
                0x000000000800bd40       0x80 ../../libDaisy/build/libdaisy.a(spi.o)
                0x000000000800bd40                dsy_spi_global_init
 .text.SPI1_IRQHandler
                0x000000000800bdc0        0xc ../../libDaisy/build/libdaisy.a(spi.o)
                0x000000000800bdc0                SPI1_IRQHandler
 .text.SPI2_IRQHandler
                0x000000000800bdcc        0xc ../../libDaisy/build/libdaisy.a(spi.o)
                0x000000000800bdcc                SPI2_IRQHandler
 .text.SPI3_IRQHandler
                0x000000000800bdd8        0xc ../../libDaisy/build/libdaisy.a(spi.o)
                0x000000000800bdd8                SPI3_IRQHandler
 .text.SPI4_IRQHandler
                0x000000000800bde4        0xc ../../libDaisy/build/libdaisy.a(spi.o)
                0x000000000800bde4                SPI4_IRQHandler
 .text.SPI5_IRQHandler
                0x000000000800bdf0        0xc ../../libDaisy/build/libdaisy.a(spi.o)
                0x000000000800bdf0                SPI5_IRQHandler
 .text.DMA2_Stream2_IRQHandler
                0x000000000800bdfc       0x34 ../../libDaisy/build/libdaisy.a(spi.o)
                0x000000000800bdfc                DMA2_Stream2_IRQHandler
 .text.DMA2_Stream3_IRQHandler
                0x000000000800be30       0x38 ../../libDaisy/build/libdaisy.a(spi.o)
                0x000000000800be30                DMA2_Stream3_IRQHandler
 .text.HAL_SPI_TxCpltCallback
                0x000000000800be68       0xc4 ../../libDaisy/build/libdaisy.a(spi.o)
                0x000000000800be68                HAL_SPI_TxCpltCallback
 .text.HAL_SPI_RxCpltCallback
                0x000000000800bf2c       0xc4 ../../libDaisy/build/libdaisy.a(spi.o)
                0x000000000800bf2c                HAL_SPI_RxCpltCallback
 .text.HAL_SPI_TxRxCpltCallback
                0x000000000800bff0       0xc4 ../../libDaisy/build/libdaisy.a(spi.o)
                0x000000000800bff0                HAL_SPI_TxRxCpltCallback
 .text.HAL_SPI_ErrorCallback
                0x000000000800c0b4       0xc8 ../../libDaisy/build/libdaisy.a(spi.o)
                0x000000000800c0b4                HAL_SPI_ErrorCallback
 .text.startup._GLOBAL__sub_I__Z19MapInstanceToHandleP11SPI_TypeDef
                0x000000000800c17c      0x1b0 ../../libDaisy/build/libdaisy.a(spi.o)
 .text.HAL_TIM_Base_MspInit
                0x000000000800c32c      0x1e0 ../../libDaisy/build/libdaisy.a(tim.o)
                0x000000000800c32c                HAL_TIM_Base_MspInit
 .text.HAL_TIM_PeriodElapsedCallback
                0x000000000800c50c       0x44 ../../libDaisy/build/libdaisy.a(tim.o)
                0x000000000800c50c                HAL_TIM_PeriodElapsedCallback
 .text.TIM2_IRQHandler
                0x000000000800c550        0xc ../../libDaisy/build/libdaisy.a(tim.o)
                0x000000000800c550                TIM2_IRQHandler
 .text.TIM3_IRQHandler
                0x000000000800c55c        0xc ../../libDaisy/build/libdaisy.a(tim.o)
                0x000000000800c55c                TIM3_IRQHandler
 .text.TIM4_IRQHandler
                0x000000000800c568        0xc ../../libDaisy/build/libdaisy.a(tim.o)
                0x000000000800c568                TIM4_IRQHandler
 .text.TIM5_IRQHandler
                0x000000000800c574        0xc ../../libDaisy/build/libdaisy.a(tim.o)
                0x000000000800c574                TIM5_IRQHandler
 .text._ZN5daisy11TimerHandle4InitERKNS0_6ConfigE
                0x000000000800c580       0xd0 ../../libDaisy/build/libdaisy.a(tim.o)
                0x000000000800c580                daisy::TimerHandle::Init(daisy::TimerHandle::Config const&)
 .text._ZN5daisy11TimerHandle5StartEv
                0x000000000800c650       0x24 ../../libDaisy/build/libdaisy.a(tim.o)
                0x000000000800c650                daisy::TimerHandle::Start()
 .text.startup._GLOBAL__sub_I__ZN5daisy11TimerHandle4Impl4InitERKNS0_6ConfigE
                0x000000000800c674       0x38 ../../libDaisy/build/libdaisy.a(tim.o)
 .text._ZL20UART_CheckRxListenerPN5daisy11UartHandler4ImplE
                0x000000000800c6ac       0x84 ../../libDaisy/build/libdaisy.a(uart.o)
 .text._ZN5daisy11UartHandler4Impl10StartDmaTxEPhjPFvPvEPFvS3_NS0_6ResultEES3_
                0x000000000800c730      0x184 ../../libDaisy/build/libdaisy.a(uart.o)
                0x000000000800c730                daisy::UartHandler::Impl::StartDmaTx(unsigned char*, unsigned int, void (*)(void*), void (*)(void*, daisy::UartHandler::Result), void*)
 .text._ZN5daisy11UartHandler4Impl10StartDmaRxEPhjPFvPvEPFvS3_NS0_6ResultEES3_
                0x000000000800c8b4      0x184 ../../libDaisy/build/libdaisy.a(uart.o)
                0x000000000800c8b4                daisy::UartHandler::Impl::StartDmaRx(unsigned char*, unsigned int, void (*)(void*), void (*)(void*, daisy::UartHandler::Result), void*)
 .text._ZN5daisy11UartHandler4Impl19DmaTransferFinishedEP20__UART_HandleTypeDefNS0_6ResultE
                0x000000000800ca38       0xc0 ../../libDaisy/build/libdaisy.a(uart.o)
                0x000000000800ca38                daisy::UartHandler::Impl::DmaTransferFinished(__UART_HandleTypeDef*, daisy::UartHandler::Result)
 .text._ZN5daisy11UartHandler4Impl8InitPinsEv
                0x000000000800caf8      0x154 ../../libDaisy/build/libdaisy.a(uart.o)
                0x000000000800caf8                daisy::UartHandler::Impl::InitPins()
 .text.HAL_UART_MspInit
                0x000000000800cc4c      0x210 ../../libDaisy/build/libdaisy.a(uart.o)
                0x000000000800cc4c                HAL_UART_MspInit
 .text.dsy_uart_global_init
                0x000000000800ce5c      0x110 ../../libDaisy/build/libdaisy.a(uart.o)
                0x000000000800ce5c                dsy_uart_global_init
 .text.USART1_IRQHandler
                0x000000000800cf6c       0x2c ../../libDaisy/build/libdaisy.a(uart.o)
                0x000000000800cf6c                USART1_IRQHandler
 .text.USART2_IRQHandler
                0x000000000800cf98       0x34 ../../libDaisy/build/libdaisy.a(uart.o)
                0x000000000800cf98                USART2_IRQHandler
 .text.USART3_IRQHandler
                0x000000000800cfcc       0x34 ../../libDaisy/build/libdaisy.a(uart.o)
                0x000000000800cfcc                USART3_IRQHandler
 .text.UART4_IRQHandler
                0x000000000800d000       0x34 ../../libDaisy/build/libdaisy.a(uart.o)
                0x000000000800d000                UART4_IRQHandler
 .text.UART5_IRQHandler
                0x000000000800d034       0x34 ../../libDaisy/build/libdaisy.a(uart.o)
                0x000000000800d034                UART5_IRQHandler
 .text.USART6_IRQHandler
                0x000000000800d068       0x34 ../../libDaisy/build/libdaisy.a(uart.o)
                0x000000000800d068                USART6_IRQHandler
 .text.UART7_IRQHandler
                0x000000000800d09c       0x34 ../../libDaisy/build/libdaisy.a(uart.o)
                0x000000000800d09c                UART7_IRQHandler
 .text.UART8_IRQHandler
                0x000000000800d0d0       0x34 ../../libDaisy/build/libdaisy.a(uart.o)
                0x000000000800d0d0                UART8_IRQHandler
 .text.LPUART1_IRQHandler
                0x000000000800d104       0x34 ../../libDaisy/build/libdaisy.a(uart.o)
                0x000000000800d104                LPUART1_IRQHandler
 .text.DMA1_Stream5_IRQHandler
                0x000000000800d138       0x34 ../../libDaisy/build/libdaisy.a(uart.o)
                0x000000000800d138                DMA1_Stream5_IRQHandler
 .text.DMA2_Stream4_IRQHandler
                0x000000000800d16c       0x38 ../../libDaisy/build/libdaisy.a(uart.o)
                0x000000000800d16c                DMA2_Stream4_IRQHandler
 .text.HAL_UART_TxCpltCallback
                0x000000000800d1a4        0x8 ../../libDaisy/build/libdaisy.a(uart.o)
                0x000000000800d1a4                HAL_UART_TxCpltCallback
 .text.HAL_UART_RxCpltCallback
                0x000000000800d1ac       0x94 ../../libDaisy/build/libdaisy.a(uart.o)
                0x000000000800d1ac                HAL_UART_RxCpltCallback
 .text.HAL_UART_RxHalfCpltCallback
                0x000000000800d240       0x90 ../../libDaisy/build/libdaisy.a(uart.o)
                0x000000000800d240                HAL_UART_RxHalfCpltCallback
 .text.HAL_UART_ErrorCallback
                0x000000000800d2d0        0x8 ../../libDaisy/build/libdaisy.a(uart.o)
                0x000000000800d2d0                HAL_UART_ErrorCallback
 .text.startup._GLOBAL__sub_I__Z19MapInstanceToHandleP13USART_TypeDef
                0x000000000800d2d8      0x194 ../../libDaisy/build/libdaisy.a(uart.o)
 .text.dsy_dma_init
                0x000000000800d46c      0x100 ../../libDaisy/build/libdaisy.a(dma.o)
                0x000000000800d46c                dsy_dma_init
 .text.dsy_dma_invalidate_cache_for_buffer
                0x000000000800d56c       0x2c ../../libDaisy/build/libdaisy.a(dma.o)
                0x000000000800d56c                dsy_dma_invalidate_cache_for_buffer
 .text.HAL_MDMA_Abort_IT
                0x000000000800d598       0x2c ../../libDaisy/build/libdaisy.a(stm32h7xx_hal_mdma.o)
                0x000000000800d598                HAL_MDMA_Abort_IT
 .text.SPI_CloseTransfer
                0x000000000800d5c4       0xb8 ../../libDaisy/build/libdaisy.a(stm32h7xx_hal_spi.o)
 .text.HAL_SPI_Init
                0x000000000800d67c      0x15c ../../libDaisy/build/libdaisy.a(stm32h7xx_hal_spi.o)
                0x000000000800d67c                HAL_SPI_Init
 .text.HAL_SPI_Transmit_DMA
                0x000000000800d7d8      0x170 ../../libDaisy/build/libdaisy.a(stm32h7xx_hal_spi.o)
                0x000000000800d7d8                HAL_SPI_Transmit_DMA
 .text.HAL_SPI_TransmitReceive_DMA
                0x000000000800d948      0x218 ../../libDaisy/build/libdaisy.a(stm32h7xx_hal_spi.o)
                0x000000000800d948                HAL_SPI_TransmitReceive_DMA
 .text.HAL_SPI_Receive_DMA
                0x000000000800db60      0x1b4 ../../libDaisy/build/libdaisy.a(stm32h7xx_hal_spi.o)
                0x000000000800db60                HAL_SPI_Receive_DMA
 .text.SPI_DMATransmitCplt
                0x000000000800dd14       0x28 ../../libDaisy/build/libdaisy.a(stm32h7xx_hal_spi.o)
 .text.SPI_DMAReceiveCplt
                0x000000000800dd3c       0x28 ../../libDaisy/build/libdaisy.a(stm32h7xx_hal_spi.o)
 .text.SPI_DMATransmitReceiveCplt
                0x000000000800dd64       0x28 ../../libDaisy/build/libdaisy.a(stm32h7xx_hal_spi.o)
 .text.HAL_SPI_TxHalfCpltCallback
                0x000000000800dd8c        0x4 ../../libDaisy/build/libdaisy.a(stm32h7xx_hal_spi.o)
                0x000000000800dd8c                HAL_SPI_TxHalfCpltCallback
 .text.SPI_DMAHalfTransmitCplt
                0x000000000800dd90        0xc ../../libDaisy/build/libdaisy.a(stm32h7xx_hal_spi.o)
 .text.HAL_SPI_RxHalfCpltCallback
                0x000000000800dd9c        0x4 ../../libDaisy/build/libdaisy.a(stm32h7xx_hal_spi.o)
                0x000000000800dd9c                HAL_SPI_RxHalfCpltCallback
 .text.SPI_DMAHalfReceiveCplt
                0x000000000800dda0        0xc ../../libDaisy/build/libdaisy.a(stm32h7xx_hal_spi.o)
 .text.HAL_SPI_TxRxHalfCpltCallback
                0x000000000800ddac        0x4 ../../libDaisy/build/libdaisy.a(stm32h7xx_hal_spi.o)
                0x000000000800ddac                HAL_SPI_TxRxHalfCpltCallback
 .text.SPI_DMAHalfTransmitReceiveCplt
                0x000000000800ddb0        0xc ../../libDaisy/build/libdaisy.a(stm32h7xx_hal_spi.o)
 .text.SPI_DMAError
                0x000000000800ddbc       0xd8 ../../libDaisy/build/libdaisy.a(stm32h7xx_hal_spi.o)
 .text.HAL_SPI_IRQHandler
                0x000000000800de94      0x23c ../../libDaisy/build/libdaisy.a(stm32h7xx_hal_spi.o)
                0x000000000800de94                HAL_SPI_IRQHandler
 .text.SPI_DMAAbortOnError
                0x000000000800e0d0       0x1c ../../libDaisy/build/libdaisy.a(stm32h7xx_hal_spi.o)
 .text.HAL_SPI_GetState
                0x000000000800e0ec        0x8 ../../libDaisy/build/libdaisy.a(stm32h7xx_hal_spi.o)
                0x000000000800e0ec                HAL_SPI_GetState
 .text.HAL_TIM_Base_Init
                0x000000000800e0f4      0x140 ../../libDaisy/build/libdaisy.a(stm32h7xx_hal_tim.o)
                0x000000000800e0f4                HAL_TIM_Base_Init
 .text.HAL_TIM_Base_Start
                0x000000000800e234       0x34 ../../libDaisy/build/libdaisy.a(stm32h7xx_hal_tim.o)
                0x000000000800e234                HAL_TIM_Base_Start
 .text.HAL_TIM_Base_Start_IT
                0x000000000800e268       0x2c ../../libDaisy/build/libdaisy.a(stm32h7xx_hal_tim.o)
                0x000000000800e268                HAL_TIM_Base_Start_IT
 .text.HAL_TIM_ConfigClockSource
                0x000000000800e294      0x17c ../../libDaisy/build/libdaisy.a(stm32h7xx_hal_tim.o)
                0x000000000800e294                HAL_TIM_ConfigClockSource
 .text.HAL_TIM_OC_DelayElapsedCallback
                0x000000000800e410        0x4 ../../libDaisy/build/libdaisy.a(stm32h7xx_hal_tim.o)
                0x000000000800e410                HAL_TIM_OC_DelayElapsedCallback
 .text.HAL_TIM_IC_CaptureCallback
                0x000000000800e414        0x4 ../../libDaisy/build/libdaisy.a(stm32h7xx_hal_tim.o)
                0x000000000800e414                HAL_TIM_IC_CaptureCallback
 .text.HAL_TIM_PWM_PulseFinishedCallback
                0x000000000800e418        0x4 ../../libDaisy/build/libdaisy.a(stm32h7xx_hal_tim.o)
                0x000000000800e418                HAL_TIM_PWM_PulseFinishedCallback
 .text.HAL_TIM_TriggerCallback
                0x000000000800e41c        0x4 ../../libDaisy/build/libdaisy.a(stm32h7xx_hal_tim.o)
                0x000000000800e41c                HAL_TIM_TriggerCallback
 .text.HAL_TIM_IRQHandler
                0x000000000800e420      0x170 ../../libDaisy/build/libdaisy.a(stm32h7xx_hal_tim.o)
                0x000000000800e420                HAL_TIM_IRQHandler
 .text.HAL_TIMEx_MasterConfigSynchronization
                0x000000000800e590       0x64 ../../libDaisy/build/libdaisy.a(stm32h7xx_hal_tim_ex.o)
                0x000000000800e590                HAL_TIMEx_MasterConfigSynchronization
 .text.HAL_TIMEx_CommutCallback
                0x000000000800e5f4        0x4 ../../libDaisy/build/libdaisy.a(stm32h7xx_hal_tim_ex.o)
                0x000000000800e5f4                HAL_TIMEx_CommutCallback
 .text.HAL_TIMEx_BreakCallback
                0x000000000800e5f8        0x4 ../../libDaisy/build/libdaisy.a(stm32h7xx_hal_tim_ex.o)
                0x000000000800e5f8                HAL_TIMEx_BreakCallback
 .text.HAL_TIMEx_Break2Callback
                0x000000000800e5fc        0x4 ../../libDaisy/build/libdaisy.a(stm32h7xx_hal_tim_ex.o)
                0x000000000800e5fc                HAL_TIMEx_Break2Callback
 .text.HAL_UART_Transmit_DMA
                0x000000000800e600       0xa4 ../../libDaisy/build/libdaisy.a(stm32h7xx_hal_uart.o)
                0x000000000800e600                HAL_UART_Transmit_DMA
 .text.HAL_UART_Receive_DMA
                0x000000000800e6a4       0xac ../../libDaisy/build/libdaisy.a(stm32h7xx_hal_uart.o)
                0x000000000800e6a4                HAL_UART_Receive_DMA
 .text.UART_DMATransmitCplt
                0x000000000800e750       0x2c ../../libDaisy/build/libdaisy.a(stm32h7xx_hal_uart.o)
 .text.HAL_UART_TxHalfCpltCallback
                0x000000000800e77c        0x4 ../../libDaisy/build/libdaisy.a(stm32h7xx_hal_uart.o)
                0x000000000800e77c                HAL_UART_TxHalfCpltCallback
 .text.UART_DMATxHalfCplt
                0x000000000800e780        0xc ../../libDaisy/build/libdaisy.a(stm32h7xx_hal_uart.o)
 .text.UART_DMAReceiveCplt
                0x000000000800e78c       0x38 ../../libDaisy/build/libdaisy.a(stm32h7xx_hal_uart.o)
 .text.UART_DMARxHalfCplt
                0x000000000800e7c4        0xc ../../libDaisy/build/libdaisy.a(stm32h7xx_hal_uart.o)
 .text.UART_DMAError
                0x000000000800e7d0       0x78 ../../libDaisy/build/libdaisy.a(stm32h7xx_hal_uart.o)
 .text.HAL_UART_IRQHandler
                0x000000000800e848      0x1d0 ../../libDaisy/build/libdaisy.a(stm32h7xx_hal_uart.o)
                0x000000000800e848                HAL_UART_IRQHandler
 .text.UART_DMAAbortOnError
                0x000000000800ea18       0x14 ../../libDaisy/build/libdaisy.a(stm32h7xx_hal_uart.o)
 .text.HAL_UART_GetState
                0x000000000800ea2c        0xc ../../libDaisy/build/libdaisy.a(stm32h7xx_hal_uart.o)
                0x000000000800ea2c                HAL_UART_GetState
 .text.UART_SetConfig
                0x000000000800ea38     0x14b8 ../../libDaisy/build/libdaisy.a(stm32h7xx_hal_uart.o)
                0x000000000800ea38                UART_SetConfig
 .text.UART_AdvFeatureConfig
                0x000000000800fef0       0xb0 ../../libDaisy/build/libdaisy.a(stm32h7xx_hal_uart.o)
                0x000000000800fef0                UART_AdvFeatureConfig
 .text.UART_CheckIdleState
                0x000000000800ffa0       0x84 ../../libDaisy/build/libdaisy.a(stm32h7xx_hal_uart.o)
                0x000000000800ffa0                UART_CheckIdleState
 .text.HAL_UART_Init
                0x0000000008010024       0x68 ../../libDaisy/build/libdaisy.a(stm32h7xx_hal_uart.o)
                0x0000000008010024                HAL_UART_Init
 .text.HAL_UARTEx_WakeupCallback
                0x000000000801008c        0x4 ../../libDaisy/build/libdaisy.a(stm32h7xx_hal_uart_ex.o)
                0x000000000801008c                HAL_UARTEx_WakeupCallback
 .text.HAL_UARTEx_RxFifoFullCallback
                0x0000000008010090        0x4 ../../libDaisy/build/libdaisy.a(stm32h7xx_hal_uart_ex.o)
                0x0000000008010090                HAL_UARTEx_RxFifoFullCallback
 .text.HAL_UARTEx_TxFifoEmptyCallback
                0x0000000008010094        0x4 ../../libDaisy/build/libdaisy.a(stm32h7xx_hal_uart_ex.o)
                0x0000000008010094                HAL_UARTEx_TxFifoEmptyCallback
 .text._ZN7daisysp10Oscillator7ProcessEv
                0x0000000008010098      0x374 ../../DaisySP/build/libdaisysp.a(oscillator.o)
                0x0000000008010098                daisysp::Oscillator::Process()
 .text._ZN7daisysp10Oscillator12CalcPhaseIncEf
                0x000000000801040c        0xc ../../DaisySP/build/libdaisysp.a(oscillator.o)
                0x000000000801040c                daisysp::Oscillator::CalcPhaseInc(float)
 .text.__aeabi_atexit
                0x0000000008010418        0xa /home/nahomts/Developer/gcc-arm-none-eabi-10-2020-q4-major/bin/../lib/gcc/arm-none-eabi/10.2.1/../../../../arm-none-eabi/lib/thumb/v7e-m+dp/hard/libstdc++_nano.a(atexit_arm.o)
                0x0000000008010418                __aeabi_atexit
 *fill*         0x0000000008010422        0x6 
 .text.sinf     0x0000000008010428      0x20c /home/nahomts/Developer/gcc-arm-none-eabi-10-2020-q4-major/bin/../lib/gcc/arm-none-eabi/10.2.1/../../../../arm-none-eabi/lib/thumb/v7e-m+dp/hard/libm.a(lib_a-sinf.o)
                0x0000000008010428                sinf
 .text.with_errnof
                0x0000000008010634       0x18 /home/nahomts/Developer/gcc-arm-none-eabi-10-2020-q4-major/bin/../lib/gcc/arm-none-eabi/10.2.1/../../../../arm-none-eabi/lib/thumb/v7e-m+dp/hard/libm.a(lib_a-math_errf.o)
 .text.__math_invalidf
                0x000000000801064c       0x20 /home/nahomts/Developer/gcc-arm-none-eabi-10-2020-q4-major/bin/../lib/gcc/arm-none-eabi/10.2.1/../../../../arm-none-eabi/lib/thumb/v7e-m+dp/hard/libm.a(lib_a-math_errf.o)
                0x000000000801064c                __math_invalidf
 .text.__cxa_atexit
                0x000000000801066c       0x1c /home/nahomts/Developer/gcc-arm-none-eabi-10-2020-q4-major/bin/../lib/gcc/arm-none-eabi/10.2.1/../../../../arm-none-eabi/lib/thumb/v7e-m+dp/hard/libc_nano.a(lib_a-cxa_atexit.o)
                0x000000000801066c                __cxa_atexit
 .text.__errno  0x0000000008010688        0xc /home/nahomts/Developer/gcc-arm-none-eabi-10-2020-q4-major/bin/../lib/gcc/arm-none-eabi/10.2.1/../../../../arm-none-eabi/lib/thumb/v7e-m+dp/hard/libc_nano.a(lib_a-errno.o)
                0x0000000008010688                __errno
 .text.__libc_init_array
                0x0000000008010694       0x48 /home/nahomts/Developer/gcc-arm-none-eabi-10-2020-q4-major/bin/../lib/gcc/arm-none-eabi/10.2.1/../../../../arm-none-eabi/lib/thumb/v7e-m+dp/hard/libc_nano.a(lib_a-init.o)
                0x0000000008010694                __libc_init_array
 .text.memcpy   0x00000000080106dc       0x1c /home/nahomts/Developer/gcc-arm-none-eabi-10-2020-q4-major/bin/../lib/gcc/arm-none-eabi/10.2.1/../../../../arm-none-eabi/lib/thumb/v7e-m+dp/hard/libc_nano.a(lib_a-memcpy-stub.o)
                0x00000000080106dc                memcpy
 .text.memset   0x00000000080106f8       0x10 /home/nahomts/Developer/gcc-arm-none-eabi-10-2020-q4-major/bin/../lib/gcc/arm-none-eabi/10.2.1/../../../../arm-none-eabi/lib/thumb/v7e-m+dp/hard/libc_nano.a(lib_a-memset.o)
                0x00000000080106f8                memset
 *(.rodata)
 .rodata        0x0000000008010708       0x10 ../../libDaisy/build/libdaisy.a(i2c.o)
 .rodata        0x0000000008010718       0x10 ../../libDaisy/build/libdaisy.a(tim.o)
 .rodata        0x0000000008010728       0x12 ../../libDaisy/build/libdaisy.a(uart.o)
 *(.rodata*)
 *fill*         0x000000000801073a        0x2 
 .rodata._ZL8seedgpio
                0x000000000801073c       0x42 ../../libDaisy/build/libdaisy.a(daisy_seed.o)
 *fill*         0x000000000801077e        0x2 
 .rodata.CSWTCH.35
                0x0000000008010780        0x3 ../../libDaisy/build/libdaisy.a(sai.o)
 *fill*         0x0000000008010783        0x1 
 .rodata.CSWTCH.36
                0x0000000008010784        0xc ../../libDaisy/build/libdaisy.a(sai.o)
 .rodata.CSWTCH.44
                0x0000000008010790       0x14 ../../libDaisy/build/libdaisy.a(sai.o)
 .rodata.D1CorePrescTable
                0x00000000080107a4       0x10 ../../libDaisy/build/libdaisy.a(system_stm32h7xx.o)
                0x00000000080107a4                D1CorePrescTable
 .rodata.CSWTCH.24
                0x00000000080107b4        0x4 ../../libDaisy/build/libdaisy.a(usbd_conf.o)
 .rodata.CSWTCH.19
                0x00000000080107b8        0x4 ../../libDaisy/build/libdaisy.a(usbh_conf.o)
 .rodata.gpio_hal_pin_map
                0x00000000080107bc       0x20 ../../libDaisy/build/libdaisy.a(hal_map.o)
 .rodata.gpio_hal_port_map
                0x00000000080107dc       0x30 ../../libDaisy/build/libdaisy.a(hal_map.o)
 .rodata.flagBitshiftOffset.0
                0x000000000801080c        0x8 ../../libDaisy/build/libdaisy.a(stm32h7xx_hal_dma.o)
 .rodata._ZL13pins_none_spi
                0x0000000008010814        0x3 ../../libDaisy/build/libdaisy.a(spi.o)
 *fill*         0x0000000008010817        0x1 
 .rodata._ZL16pins_periphs_spi
                0x0000000008010818       0x60 ../../libDaisy/build/libdaisy.a(spi.o)
 .rodata.CSWTCH.418
                0x0000000008010878       0x29 ../../libDaisy/build/libdaisy.a(stm32h7xx_hal_uart.o)
 *fill*         0x00000000080108a1        0x3 
 .rodata.CSWTCH.419
                0x00000000080108a4        0x6 ../../libDaisy/build/libdaisy.a(stm32h7xx_hal_uart.o)
 *fill*         0x00000000080108aa        0x2 
 .rodata.CSWTCH.426
                0x00000000080108ac        0x6 ../../libDaisy/build/libdaisy.a(stm32h7xx_hal_uart.o)
 *fill*         0x00000000080108b2        0x2 
 .rodata.__inv_pio4
                0x00000000080108b4       0x60 /home/nahomts/Developer/gcc-arm-none-eabi-10-2020-q4-major/bin/../lib/gcc/arm-none-eabi/10.2.1/../../../../arm-none-eabi/lib/thumb/v7e-m+dp/hard/libm.a(lib_a-sincosf_data.o)
                0x00000000080108b4                __inv_pio4
 *fill*         0x0000000008010914        0x4 
 .rodata.__sincosf_table
                0x0000000008010918       0xe0 /home/nahomts/Developer/gcc-arm-none-eabi-10-2020-q4-major/bin/../lib/gcc/arm-none-eabi/10.2.1/../../../../arm-none-eabi/lib/thumb/v7e-m+dp/hard/libm.a(lib_a-sincosf_data.o)
                0x0000000008010918                __sincosf_table
 .rodata.__sf_fake_stderr
                0x00000000080109f8       0x20 /home/nahomts/Developer/gcc-arm-none-eabi-10-2020-q4-major/bin/../lib/gcc/arm-none-eabi/10.2.1/../../../../arm-none-eabi/lib/thumb/v7e-m+dp/hard/libc_nano.a(lib_a-findfp.o)
                0x00000000080109f8                __sf_fake_stderr
 .rodata.__sf_fake_stdin
                0x0000000008010a18       0x20 /home/nahomts/Developer/gcc-arm-none-eabi-10-2020-q4-major/bin/../lib/gcc/arm-none-eabi/10.2.1/../../../../arm-none-eabi/lib/thumb/v7e-m+dp/hard/libc_nano.a(lib_a-findfp.o)
                0x0000000008010a18                __sf_fake_stdin
 .rodata.__sf_fake_stdout
                0x0000000008010a38       0x20 /home/nahomts/Developer/gcc-arm-none-eabi-10-2020-q4-major/bin/../lib/gcc/arm-none-eabi/10.2.1/../../../../arm-none-eabi/lib/thumb/v7e-m+dp/hard/libc_nano.a(lib_a-findfp.o)
                0x0000000008010a38                __sf_fake_stdout
 *(.glue_7)
 .glue_7        0x0000000008010a58        0x0 linker stubs
 *(.glue_7t)
 .glue_7t       0x0000000008010a58        0x0 linker stubs
 *(.init)
 .init          0x0000000008010a58        0x4 /home/nahomts/Developer/gcc-arm-none-eabi-10-2020-q4-major/bin/../lib/gcc/arm-none-eabi/10.2.1/thumb/v7e-m+dp/hard/crti.o
                0x0000000008010a58                _init
 .init          0x0000000008010a5c        0x8 /home/nahomts/Developer/gcc-arm-none-eabi-10-2020-q4-major/bin/../lib/gcc/arm-none-eabi/10.2.1/thumb/v7e-m+dp/hard/crtn.o
 *(.fini)
 .fini          0x0000000008010a64        0x4 /home/nahomts/Developer/gcc-arm-none-eabi-10-2020-q4-major/bin/../lib/gcc/arm-none-eabi/10.2.1/thumb/v7e-m+dp/hard/crti.o
                0x0000000008010a64                _fini
 .fini          0x0000000008010a68        0x8 /home/nahomts/Developer/gcc-arm-none-eabi-10-2020-q4-major/bin/../lib/gcc/arm-none-eabi/10.2.1/thumb/v7e-m+dp/hard/crtn.o
                0x0000000008010a70                . = ALIGN (0x4)
                0x0000000008010a70                _etext = .

.eh_frame       0x0000000008010a70        0x0
 .eh_frame      0x0000000008010a70        0x0 /home/nahomts/Developer/gcc-arm-none-eabi-10-2020-q4-major/bin/../lib/gcc/arm-none-eabi/10.2.1/thumb/v7e-m+dp/hard/crtbegin.o

.vfp11_veneer   0x0000000008010a70        0x0
 .vfp11_veneer  0x0000000008010a70        0x0 linker stubs

.v4_bx          0x0000000008010a70        0x0
 .v4_bx         0x0000000008010a70        0x0 linker stubs

.iplt           0x0000000008010a70        0x0
 .iplt          0x0000000008010a70        0x0 /home/nahomts/Developer/gcc-arm-none-eabi-10-2020-q4-major/bin/../lib/gcc/arm-none-eabi/10.2.1/thumb/v7e-m+dp/hard/crtbegin.o

.ARM.extab      0x0000000008010a70        0x0
                0x0000000008010a70                . = ALIGN (0x4)
 *(.ARM.extab)